<?xml version="1.0" encoding="UTF-8"?>
<TestRun id="ea0eb0f8-5f43-459d-a39d-9c1718f1b99c" name="Amorim@MATRIX 2009-01-14 22:29:28" runUser="MATRIX\Amorim" xmlns="http://microsoft.com/schemas/VisualStudio/TeamTest/2006">
  <TestRunConfiguration name="Local Test Run" id="4397c35c-ee65-48a5-a4f6-c7715260277b">
    <Description>This is a default test run configuration for a local test run.</Description>
    <Deployment runDeploymentRoot="D:\Projetos\Lab\Tdd.Encontro2\TestResults\Amorim_MATRIX 2009-01-14 22_29_28">
      <DeploymentItem filename="D:\Projetos\Lab\Tdd.Encontro2\Tdd.Encontro2\bin\Debug\Tdd.Encontro2.dll" />
    </Deployment>
    <TestTypeSpecific />
  </TestRunConfiguration>
  <ResultSummary outcome="Failed">
    <Counters total="22" executed="22" passed="20" error="0" failed="2" timeout="0" aborted="0" inconclusive="0" passedButRunAborted="0" notRunnable="0" notExecuted="0" disconnected="0" warning="0" completed="0" inProgress="0" pending="0" />
  </ResultSummary>
  <Times creation="2009-01-14T22:29:28.3906250-02:00" queuing="2009-01-14T22:29:29.4375000-02:00" start="2009-01-14T22:29:29.6562500-02:00" finish="2009-01-14T22:29:30.4687500-02:00" />
  <TestDefinitions>
    <UnitTest name="Validar_Hora_Informando_Hora_E_Minuto" storage="d:\projetos\lab\tdd.encontro2\tdd.encontro2.test\bin\debug\tdd.encontro2.test.dll" id="87c0138e-ebd4-b448-5196-062a03183403">
      <Css projectStructure="" iteration="" />
      <Owners>
        <Owner name="" />
      </Owners>
      <DeploymentItems>
        <DeploymentItem filename="Tdd.Encontro2.dll" />
      </DeploymentItems>
      <Execution id="9269dc80-7750-4ba1-a1b7-f5ec23ee1823" />
      <TestMethod codeBase="D:\Projetos\Lab\Tdd.Encontro2\Tdd.Encontro2.Test\bin\Debug\Tdd.Encontro2.Test.dll" adapterTypeName="Microsoft.VisualStudio.TestTools.TestTypes.Unit.UnitTestAdapter, Microsoft.VisualStudio.QualityTools.Tips.UnitTest.Adapter, Version=9.0.0.0, Culture=neutral, PublicKeyToken=b03f5f7f11d50a3a" className="Tdd.Encontro2.Test.HoraTest, Tdd.Encontro2.Test" name="Validar_Hora_Informando_Hora_E_Minuto" />
    </UnitTest>
    <UnitTest name="Criacao_Hora_Formato_Invalido_Excecao_Esperada" storage="d:\projetos\lab\tdd.encontro2\tdd.encontro2.test\bin\debug\tdd.encontro2.test.dll" id="12de2bcf-b47b-6b6d-fdd8-caf3c9e12274">
      <Css projectStructure="" iteration="" />
      <Owners>
        <Owner name="" />
      </Owners>
      <Execution id="12a2617a-1512-4c3d-8080-b14209071cc4" />
      <TestMethod codeBase="D:\Projetos\Lab\Tdd.Encontro2\Tdd.Encontro2.Test\bin\Debug\Tdd.Encontro2.Test.dll" adapterTypeName="Microsoft.VisualStudio.TestTools.TestTypes.Unit.UnitTestAdapter, Microsoft.VisualStudio.QualityTools.Tips.UnitTest.Adapter, Version=9.0.0.0, Culture=neutral, PublicKeyToken=b03f5f7f11d50a3a" className="Tdd.Encontro2.Test.HoraTest, Tdd.Encontro2.Test" name="Criacao_Hora_Formato_Invalido_Excecao_Esperada" />
    </UnitTest>
    <UnitTest name="Criacao_Hora_Com_Um_Digito" storage="d:\projetos\lab\tdd.encontro2\tdd.encontro2.test\bin\debug\tdd.encontro2.test.dll" id="ff226b66-6b25-b1d8-c073-9db9e29a7aad">
      <Css projectStructure="" iteration="" />
      <Owners>
        <Owner name="" />
      </Owners>
      <Execution id="ce83772c-ab66-489a-967a-baaeb4e4c795" />
      <TestMethod codeBase="D:\Projetos\Lab\Tdd.Encontro2\Tdd.Encontro2.Test\bin\Debug\Tdd.Encontro2.Test.dll" adapterTypeName="Microsoft.VisualStudio.TestTools.TestTypes.Unit.UnitTestAdapter, Microsoft.VisualStudio.QualityTools.Tips.UnitTest.Adapter, Version=9.0.0.0, Culture=neutral, PublicKeyToken=b03f5f7f11d50a3a" className="Tdd.Encontro2.Test.HoraTest, Tdd.Encontro2.Test" name="Criacao_Hora_Com_Um_Digito" />
    </UnitTest>
    <UnitTest name="Criacao_Hora_Com_Minutos_Invalidos" storage="d:\projetos\lab\tdd.encontro2\tdd.encontro2.test\bin\debug\tdd.encontro2.test.dll" id="1d59d709-b619-1f7e-ec50-a5b4600a3218">
      <Css projectStructure="" iteration="" />
      <Owners>
        <Owner name="" />
      </Owners>
      <Execution id="9e16a214-e0a5-428f-9dab-138966b1acae" />
      <TestMethod codeBase="D:\Projetos\Lab\Tdd.Encontro2\Tdd.Encontro2.Test\bin\Debug\Tdd.Encontro2.Test.dll" adapterTypeName="Microsoft.VisualStudio.TestTools.TestTypes.Unit.UnitTestAdapter, Microsoft.VisualStudio.QualityTools.Tips.UnitTest.Adapter, Version=9.0.0.0, Culture=neutral, PublicKeyToken=b03f5f7f11d50a3a" className="Tdd.Encontro2.Test.HoraTest, Tdd.Encontro2.Test" name="Criacao_Hora_Com_Minutos_Invalidos" />
    </UnitTest>
    <UnitTest name="Validar_Hora_Accessor_Com_Mais_De_Dois_Digitos" storage="d:\projetos\lab\tdd.encontro2\tdd.encontro2.test\bin\debug\tdd.encontro2.test.dll" id="9396bbbe-284c-4b64-5dea-4e7ac9a8e11b">
      <Css projectStructure="" iteration="" />
      <Owners>
        <Owner name="" />
      </Owners>
      <DeploymentItems>
        <DeploymentItem filename="Tdd.Encontro2.dll" />
      </DeploymentItems>
      <Execution id="937ede80-84cf-4a05-95a4-f33117d57007" />
      <TestMethod codeBase="D:\Projetos\Lab\Tdd.Encontro2\Tdd.Encontro2.Test\bin\Debug\Tdd.Encontro2.Test.dll" adapterTypeName="Microsoft.VisualStudio.TestTools.TestTypes.Unit.UnitTestAdapter, Microsoft.VisualStudio.QualityTools.Tips.UnitTest.Adapter, Version=9.0.0.0, Culture=neutral, PublicKeyToken=b03f5f7f11d50a3a" className="Tdd.Encontro2.Test.HoraTest, Tdd.Encontro2.Test" name="Validar_Hora_Accessor_Com_Mais_De_Dois_Digitos" />
    </UnitTest>
    <UnitTest name="Criacao_Hora_Com_Mais_De_Dois_Digitos" storage="d:\projetos\lab\tdd.encontro2\tdd.encontro2.test\bin\debug\tdd.encontro2.test.dll" id="2c96285b-997b-6029-1f3d-8ac944f7a963">
      <Css projectStructure="" iteration="" />
      <Owners>
        <Owner name="" />
      </Owners>
      <Execution id="b11c4849-2890-4664-8036-2a6a3517671e" />
      <TestMethod codeBase="D:\Projetos\Lab\Tdd.Encontro2\Tdd.Encontro2.Test\bin\Debug\Tdd.Encontro2.Test.dll" adapterTypeName="Microsoft.VisualStudio.TestTools.TestTypes.Unit.UnitTestAdapter, Microsoft.VisualStudio.QualityTools.Tips.UnitTest.Adapter, Version=9.0.0.0, Culture=neutral, PublicKeyToken=b03f5f7f11d50a3a" className="Tdd.Encontro2.Test.HoraTest, Tdd.Encontro2.Test" name="Criacao_Hora_Com_Mais_De_Dois_Digitos" />
    </UnitTest>
    <UnitTest name="Criacao_Hora_Formato_Invalido" storage="d:\projetos\lab\tdd.encontro2\tdd.encontro2.test\bin\debug\tdd.encontro2.test.dll" id="db8384d3-e4cd-4dfd-44bc-0ea4243bf001">
      <Css projectStructure="" iteration="" />
      <Owners>
        <Owner name="" />
      </Owners>
      <Execution id="6ea31f72-ca1c-4b15-99a7-1910143ca32e" />
      <TestMethod codeBase="D:\Projetos\Lab\Tdd.Encontro2\Tdd.Encontro2.Test\bin\Debug\Tdd.Encontro2.Test.dll" adapterTypeName="Microsoft.VisualStudio.TestTools.TestTypes.Unit.UnitTestAdapter, Microsoft.VisualStudio.QualityTools.Tips.UnitTest.Adapter, Version=9.0.0.0, Culture=neutral, PublicKeyToken=b03f5f7f11d50a3a" className="Tdd.Encontro2.Test.HoraTest, Tdd.Encontro2.Test" name="Criacao_Hora_Formato_Invalido" />
    </UnitTest>
    <UnitTest name="Soma_Horas_Com_Minutos_Acima_De_59_Minutos" storage="d:\projetos\lab\tdd.encontro2\tdd.encontro2.test\bin\debug\tdd.encontro2.test.dll" id="0a591512-9faf-3076-fdd8-955ee8ae9da1">
      <Css projectStructure="" iteration="" />
      <Owners>
        <Owner name="" />
      </Owners>
      <Execution id="c9431faa-d72e-4b3d-800a-5dfc817563ef" />
      <TestMethod codeBase="D:\Projetos\Lab\Tdd.Encontro2\Tdd.Encontro2.Test\bin\Debug\Tdd.Encontro2.Test.dll" adapterTypeName="Microsoft.VisualStudio.TestTools.TestTypes.Unit.UnitTestAdapter, Microsoft.VisualStudio.QualityTools.Tips.UnitTest.Adapter, Version=9.0.0.0, Culture=neutral, PublicKeyToken=b03f5f7f11d50a3a" className="Tdd.Encontro2.Test.HoraTest, Tdd.Encontro2.Test" name="Soma_Horas_Com_Minutos_Acima_De_59_Minutos" />
    </UnitTest>
    <UnitTest name="Criacao_Hora_Negativa" storage="d:\projetos\lab\tdd.encontro2\tdd.encontro2.test\bin\debug\tdd.encontro2.test.dll" id="27aa5d33-fb3f-6650-e7d7-cf288bec1dcd">
      <Css projectStructure="" iteration="" />
      <Owners>
        <Owner name="" />
      </Owners>
      <Execution id="57d5916b-afd1-412b-9885-5c29bf5e2549" />
      <TestMethod codeBase="D:\Projetos\Lab\Tdd.Encontro2\Tdd.Encontro2.Test\bin\Debug\Tdd.Encontro2.Test.dll" adapterTypeName="Microsoft.VisualStudio.TestTools.TestTypes.Unit.UnitTestAdapter, Microsoft.VisualStudio.QualityTools.Tips.UnitTest.Adapter, Version=9.0.0.0, Culture=neutral, PublicKeyToken=b03f5f7f11d50a3a" className="Tdd.Encontro2.Test.HoraTest, Tdd.Encontro2.Test" name="Criacao_Hora_Negativa" />
    </UnitTest>
    <UnitTest name="Criacao_Hora_Nao_Informando_Hora_E_Minuto" storage="d:\projetos\lab\tdd.encontro2\tdd.encontro2.test\bin\debug\tdd.encontro2.test.dll" id="30570865-d9ac-d3ef-c31c-49fbdb9a0b40">
      <Css projectStructure="" iteration="" />
      <Owners>
        <Owner name="" />
      </Owners>
      <Execution id="227c50b4-4f14-4965-9e1a-6b4ebf746c75" />
      <TestMethod codeBase="D:\Projetos\Lab\Tdd.Encontro2\Tdd.Encontro2.Test\bin\Debug\Tdd.Encontro2.Test.dll" adapterTypeName="Microsoft.VisualStudio.TestTools.TestTypes.Unit.UnitTestAdapter, Microsoft.VisualStudio.QualityTools.Tips.UnitTest.Adapter, Version=9.0.0.0, Culture=neutral, PublicKeyToken=b03f5f7f11d50a3a" className="Tdd.Encontro2.Test.HoraTest, Tdd.Encontro2.Test" name="Criacao_Hora_Nao_Informando_Hora_E_Minuto" />
    </UnitTest>
    <UnitTest name="Soma_Horas_Com_Mais_De_Um_Digito" storage="d:\projetos\lab\tdd.encontro2\tdd.encontro2.test\bin\debug\tdd.encontro2.test.dll" id="fda06644-92e0-e3aa-75e1-24a912586eab">
      <Css projectStructure="" iteration="" />
      <Owners>
        <Owner name="" />
      </Owners>
      <Execution id="d091582e-801b-470b-b04e-8b65cf73eec8" />
      <TestMethod codeBase="D:\Projetos\Lab\Tdd.Encontro2\Tdd.Encontro2.Test\bin\Debug\Tdd.Encontro2.Test.dll" adapterTypeName="Microsoft.VisualStudio.TestTools.TestTypes.Unit.UnitTestAdapter, Microsoft.VisualStudio.QualityTools.Tips.UnitTest.Adapter, Version=9.0.0.0, Culture=neutral, PublicKeyToken=b03f5f7f11d50a3a" className="Tdd.Encontro2.Test.HoraTest, Tdd.Encontro2.Test" name="Soma_Horas_Com_Mais_De_Um_Digito" />
    </UnitTest>
    <UnitTest name="Criacao_Hora_Informando_Hora_E_Minuto" storage="d:\projetos\lab\tdd.encontro2\tdd.encontro2.test\bin\debug\tdd.encontro2.test.dll" id="f871ce0e-b3a2-d9c0-06d8-ef4f9a8effe6">
      <Css projectStructure="" iteration="" />
      <Owners>
        <Owner name="" />
      </Owners>
      <Execution id="36c450d5-b5e2-4212-8002-4e775f51065e" />
      <TestMethod codeBase="D:\Projetos\Lab\Tdd.Encontro2\Tdd.Encontro2.Test\bin\Debug\Tdd.Encontro2.Test.dll" adapterTypeName="Microsoft.VisualStudio.TestTools.TestTypes.Unit.UnitTestAdapter, Microsoft.VisualStudio.QualityTools.Tips.UnitTest.Adapter, Version=9.0.0.0, Culture=neutral, PublicKeyToken=b03f5f7f11d50a3a" className="Tdd.Encontro2.Test.HoraTest, Tdd.Encontro2.Test" name="Criacao_Hora_Informando_Hora_E_Minuto" />
    </UnitTest>
    <UnitTest name="Soma_Horas_Com_Um_Digito" storage="d:\projetos\lab\tdd.encontro2\tdd.encontro2.test\bin\debug\tdd.encontro2.test.dll" id="bd4f39b4-ea7f-7aa9-697c-91efd4a47f9f">
      <Css projectStructure="" iteration="" />
      <Owners>
        <Owner name="" />
      </Owners>
      <Execution id="5db4fb34-3361-4e2d-afaf-28ab4bf700bc" />
      <TestMethod codeBase="D:\Projetos\Lab\Tdd.Encontro2\Tdd.Encontro2.Test\bin\Debug\Tdd.Encontro2.Test.dll" adapterTypeName="Microsoft.VisualStudio.TestTools.TestTypes.Unit.UnitTestAdapter, Microsoft.VisualStudio.QualityTools.Tips.UnitTest.Adapter, Version=9.0.0.0, Culture=neutral, PublicKeyToken=b03f5f7f11d50a3a" className="Tdd.Encontro2.Test.HoraTest, Tdd.Encontro2.Test" name="Soma_Horas_Com_Um_Digito" />
    </UnitTest>
    <UnitTest name="Validar_Hora_Accessor_Formato_Invalido" storage="d:\projetos\lab\tdd.encontro2\tdd.encontro2.test\bin\debug\tdd.encontro2.test.dll" id="966015ea-9492-ce91-5e00-6d0130c7c4c2">
      <Css projectStructure="" iteration="" />
      <Owners>
        <Owner name="" />
      </Owners>
      <DeploymentItems>
        <DeploymentItem filename="Tdd.Encontro2.dll" />
      </DeploymentItems>
      <Execution id="46541d6c-5f06-4960-9c1c-92236e9e5bef" />
      <TestMethod codeBase="D:\Projetos\Lab\Tdd.Encontro2\Tdd.Encontro2.Test\bin\Debug\Tdd.Encontro2.Test.dll" adapterTypeName="Microsoft.VisualStudio.TestTools.TestTypes.Unit.UnitTestAdapter, Microsoft.VisualStudio.QualityTools.Tips.UnitTest.Adapter, Version=9.0.0.0, Culture=neutral, PublicKeyToken=b03f5f7f11d50a3a" className="Tdd.Encontro2.Test.HoraTest, Tdd.Encontro2.Test" name="Validar_Hora_Accessor_Formato_Invalido" />
    </UnitTest>
    <UnitTest name="Soma_Horas_Com_Valor_Negativo" storage="d:\projetos\lab\tdd.encontro2\tdd.encontro2.test\bin\debug\tdd.encontro2.test.dll" id="17b69b6e-5323-c278-64a5-e4f671fdcdd0">
      <Css projectStructure="" iteration="" />
      <Owners>
        <Owner name="" />
      </Owners>
      <Execution id="1bf9b3f9-8508-4b63-8e39-f58b22579a09" />
      <TestMethod codeBase="D:\Projetos\Lab\Tdd.Encontro2\Tdd.Encontro2.Test\bin\Debug\Tdd.Encontro2.Test.dll" adapterTypeName="Microsoft.VisualStudio.TestTools.TestTypes.Unit.UnitTestAdapter, Microsoft.VisualStudio.QualityTools.Tips.UnitTest.Adapter, Version=9.0.0.0, Culture=neutral, PublicKeyToken=b03f5f7f11d50a3a" className="Tdd.Encontro2.Test.HoraTest, Tdd.Encontro2.Test" name="Soma_Horas_Com_Valor_Negativo" />
    </UnitTest>
    <UnitTest name="Validar_Hora_Accessor_Com_Um_Digito" storage="d:\projetos\lab\tdd.encontro2\tdd.encontro2.test\bin\debug\tdd.encontro2.test.dll" id="838b3837-8233-5914-e910-5c34a7784584">
      <Css projectStructure="" iteration="" />
      <Owners>
        <Owner name="" />
      </Owners>
      <DeploymentItems>
        <DeploymentItem filename="Tdd.Encontro2.dll" />
      </DeploymentItems>
      <Execution id="5ebc79e6-3dc5-4b60-8e3f-15e390486584" />
      <TestMethod codeBase="D:\Projetos\Lab\Tdd.Encontro2\Tdd.Encontro2.Test\bin\Debug\Tdd.Encontro2.Test.dll" adapterTypeName="Microsoft.VisualStudio.TestTools.TestTypes.Unit.UnitTestAdapter, Microsoft.VisualStudio.QualityTools.Tips.UnitTest.Adapter, Version=9.0.0.0, Culture=neutral, PublicKeyToken=b03f5f7f11d50a3a" className="Tdd.Encontro2.Test.HoraTest, Tdd.Encontro2.Test" name="Validar_Hora_Accessor_Com_Um_Digito" />
    </UnitTest>
    <UnitTest name="Validar_Hora_Accessor_Com_Minutos_Invalidos" storage="d:\projetos\lab\tdd.encontro2\tdd.encontro2.test\bin\debug\tdd.encontro2.test.dll" id="c260142c-a0de-e0dc-5854-cfb9bd0c3188">
      <Css projectStructure="" iteration="" />
      <Owners>
        <Owner name="" />
      </Owners>
      <DeploymentItems>
        <DeploymentItem filename="Tdd.Encontro2.dll" />
      </DeploymentItems>
      <Execution id="15652ba8-b5e0-4bef-ae2d-d760dbc0b198" />
      <TestMethod codeBase="D:\Projetos\Lab\Tdd.Encontro2\Tdd.Encontro2.Test\bin\Debug\Tdd.Encontro2.Test.dll" adapterTypeName="Microsoft.VisualStudio.TestTools.TestTypes.Unit.UnitTestAdapter, Microsoft.VisualStudio.QualityTools.Tips.UnitTest.Adapter, Version=9.0.0.0, Culture=neutral, PublicKeyToken=b03f5f7f11d50a3a" className="Tdd.Encontro2.Test.HoraTest, Tdd.Encontro2.Test" name="Validar_Hora_Accessor_Com_Minutos_Invalidos" />
    </UnitTest>
    <UnitTest name="Criacao_Hora_Sem_Digito_De_Horas" storage="d:\projetos\lab\tdd.encontro2\tdd.encontro2.test\bin\debug\tdd.encontro2.test.dll" id="69e0a0f7-dc17-ae9e-dbd0-5d769f1efdd1">
      <Css projectStructure="" iteration="" />
      <Owners>
        <Owner name="" />
      </Owners>
      <Execution id="018945de-4847-46ac-b371-76a0bb398628" />
      <TestMethod codeBase="D:\Projetos\Lab\Tdd.Encontro2\Tdd.Encontro2.Test\bin\Debug\Tdd.Encontro2.Test.dll" adapterTypeName="Microsoft.VisualStudio.TestTools.TestTypes.Unit.UnitTestAdapter, Microsoft.VisualStudio.QualityTools.Tips.UnitTest.Adapter, Version=9.0.0.0, Culture=neutral, PublicKeyToken=b03f5f7f11d50a3a" className="Tdd.Encontro2.Test.HoraTest, Tdd.Encontro2.Test" name="Criacao_Hora_Sem_Digito_De_Horas" />
    </UnitTest>
    <UnitTest name="Validar_Hora_Accessor_Negativa" storage="d:\projetos\lab\tdd.encontro2\tdd.encontro2.test\bin\debug\tdd.encontro2.test.dll" id="db03e5e4-a59c-6ace-488b-3623e4810e11">
      <Css projectStructure="" iteration="" />
      <Owners>
        <Owner name="" />
      </Owners>
      <DeploymentItems>
        <DeploymentItem filename="Tdd.Encontro2.dll" />
      </DeploymentItems>
      <Execution id="5c207049-06cd-43cf-aef0-53c233ed31d8" />
      <TestMethod codeBase="D:\Projetos\Lab\Tdd.Encontro2\Tdd.Encontro2.Test\bin\Debug\Tdd.Encontro2.Test.dll" adapterTypeName="Microsoft.VisualStudio.TestTools.TestTypes.Unit.UnitTestAdapter, Microsoft.VisualStudio.QualityTools.Tips.UnitTest.Adapter, Version=9.0.0.0, Culture=neutral, PublicKeyToken=b03f5f7f11d50a3a" className="Tdd.Encontro2.Test.HoraTest, Tdd.Encontro2.Test" name="Validar_Hora_Accessor_Negativa" />
    </UnitTest>
    <UnitTest name="Validar_Hora_Accessor_Sem_Digito_De_Hora_Accessors" storage="d:\projetos\lab\tdd.encontro2\tdd.encontro2.test\bin\debug\tdd.encontro2.test.dll" id="29953b7e-4500-8369-72e9-7e1ea948d426">
      <Css projectStructure="" iteration="" />
      <Owners>
        <Owner name="" />
      </Owners>
      <DeploymentItems>
        <DeploymentItem filename="Tdd.Encontro2.dll" />
      </DeploymentItems>
      <Execution id="2a6863a6-674f-43b2-8655-c48d5a5d23dd" />
      <TestMethod codeBase="D:\Projetos\Lab\Tdd.Encontro2\Tdd.Encontro2.Test\bin\Debug\Tdd.Encontro2.Test.dll" adapterTypeName="Microsoft.VisualStudio.TestTools.TestTypes.Unit.UnitTestAdapter, Microsoft.VisualStudio.QualityTools.Tips.UnitTest.Adapter, Version=9.0.0.0, Culture=neutral, PublicKeyToken=b03f5f7f11d50a3a" className="Tdd.Encontro2.Test.HoraTest, Tdd.Encontro2.Test" name="Validar_Hora_Accessor_Sem_Digito_De_Hora_Accessors" />
    </UnitTest>
    <UnitTest name="Soma_Horas_Formato_Invalido" storage="d:\projetos\lab\tdd.encontro2\tdd.encontro2.test\bin\debug\tdd.encontro2.test.dll" id="7e20360e-9201-8939-e474-d22316638795">
      <Css projectStructure="" iteration="" />
      <Owners>
        <Owner name="" />
      </Owners>
      <Execution id="cce0be62-aa4e-4b23-9d22-8f0baf5e9383" />
      <TestMethod codeBase="D:\Projetos\Lab\Tdd.Encontro2\Tdd.Encontro2.Test\bin\Debug\Tdd.Encontro2.Test.dll" adapterTypeName="Microsoft.VisualStudio.TestTools.TestTypes.Unit.UnitTestAdapter, Microsoft.VisualStudio.QualityTools.Tips.UnitTest.Adapter, Version=9.0.0.0, Culture=neutral, PublicKeyToken=b03f5f7f11d50a3a" className="Tdd.Encontro2.Test.HoraTest, Tdd.Encontro2.Test" name="Soma_Horas_Formato_Invalido" />
    </UnitTest>
    <UnitTest name="Soma_Horas_Com_Minutos" storage="d:\projetos\lab\tdd.encontro2\tdd.encontro2.test\bin\debug\tdd.encontro2.test.dll" id="182f76e0-c9fd-770c-3077-437237507f22">
      <Css projectStructure="" iteration="" />
      <Owners>
        <Owner name="" />
      </Owners>
      <Execution id="50b1d8c4-2d49-492d-befa-d061f19f0505" />
      <TestMethod codeBase="D:\Projetos\Lab\Tdd.Encontro2\Tdd.Encontro2.Test\bin\Debug\Tdd.Encontro2.Test.dll" adapterTypeName="Microsoft.VisualStudio.TestTools.TestTypes.Unit.UnitTestAdapter, Microsoft.VisualStudio.QualityTools.Tips.UnitTest.Adapter, Version=9.0.0.0, Culture=neutral, PublicKeyToken=b03f5f7f11d50a3a" className="Tdd.Encontro2.Test.HoraTest, Tdd.Encontro2.Test" name="Soma_Horas_Com_Minutos" />
    </UnitTest>
  </TestDefinitions>
  <TestLists>
    <TestList name="All Loaded Results" id="19431567-8539-422a-85d7-44ee4e166bda" />
    <TestList name="Lists of Results" id="8c43106b-9dc1-4907-a29f-aa66a61bf5b6" />
    <TestList name="Hora" id="15840062-34b0-4acd-bd91-deb70e9d47b0" parentListId="8c43106b-9dc1-4907-a29f-aa66a61bf5b6">
      <TestLinks>
        <TestLink id="ff226b66-6b25-b1d8-c073-9db9e29a7aad" name="Criacao_Hora_Com_Um_Digito" storage="d:\projetos\lab\tdd.encontro2\tdd.encontro2.test\bin\debug\tdd.encontro2.test.dll" type="Microsoft.VisualStudio.TestTools.TestTypes.Unit.UnitTestElement, Microsoft.VisualStudio.QualityTools.Tips.UnitTest.ObjectModel,   PublicKeyToken=b03f5f7f11d50a3a" />
        <TestLink id="12de2bcf-b47b-6b6d-fdd8-caf3c9e12274" name="Criacao_Hora_Formato_Invalido_Excecao_Esperada" storage="d:\projetos\lab\tdd.encontro2\tdd.encontro2.test\bin\debug\tdd.encontro2.test.dll" type="Microsoft.VisualStudio.TestTools.TestTypes.Unit.UnitTestElement, Microsoft.VisualStudio.QualityTools.Tips.UnitTest.ObjectModel,   PublicKeyToken=b03f5f7f11d50a3a" />
        <TestLink id="bd4f39b4-ea7f-7aa9-697c-91efd4a47f9f" name="Soma_Horas_Com_Um_Digito" storage="d:\projetos\lab\tdd.encontro2\tdd.encontro2.test\bin\debug\tdd.encontro2.test.dll" type="Microsoft.VisualStudio.TestTools.TestTypes.Unit.UnitTestElement, Microsoft.VisualStudio.QualityTools.Tips.UnitTest.ObjectModel,   PublicKeyToken=b03f5f7f11d50a3a" />
        <TestLink id="c260142c-a0de-e0dc-5854-cfb9bd0c3188" name="Validar_Hora_Accessor_Com_Minutos_Invalidos" storage="d:\projetos\lab\tdd.encontro2\tdd.encontro2.test\bin\debug\tdd.encontro2.test.dll" type="Microsoft.VisualStudio.TestTools.TestTypes.Unit.UnitTestElement, Microsoft.VisualStudio.QualityTools.Tips.UnitTest.ObjectModel,   PublicKeyToken=b03f5f7f11d50a3a" />
        <TestLink id="9396bbbe-284c-4b64-5dea-4e7ac9a8e11b" name="Validar_Hora_Accessor_Com_Mais_De_Dois_Digitos" storage="d:\projetos\lab\tdd.encontro2\tdd.encontro2.test\bin\debug\tdd.encontro2.test.dll" type="Microsoft.VisualStudio.TestTools.TestTypes.Unit.UnitTestElement, Microsoft.VisualStudio.QualityTools.Tips.UnitTest.ObjectModel,   PublicKeyToken=b03f5f7f11d50a3a" />
        <TestLink id="7e20360e-9201-8939-e474-d22316638795" name="Soma_Horas_Formato_Invalido" storage="d:\projetos\lab\tdd.encontro2\tdd.encontro2.test\bin\debug\tdd.encontro2.test.dll" type="Microsoft.VisualStudio.TestTools.TestTypes.Unit.UnitTestElement, Microsoft.VisualStudio.QualityTools.Tips.UnitTest.ObjectModel,   PublicKeyToken=b03f5f7f11d50a3a" />
        <TestLink id="27aa5d33-fb3f-6650-e7d7-cf288bec1dcd" name="Criacao_Hora_Negativa" storage="d:\projetos\lab\tdd.encontro2\tdd.encontro2.test\bin\debug\tdd.encontro2.test.dll" type="Microsoft.VisualStudio.TestTools.TestTypes.Unit.UnitTestElement, Microsoft.VisualStudio.QualityTools.Tips.UnitTest.ObjectModel,   PublicKeyToken=b03f5f7f11d50a3a" />
        <TestLink id="838b3837-8233-5914-e910-5c34a7784584" name="Validar_Hora_Accessor_Com_Um_Digito" storage="d:\projetos\lab\tdd.encontro2\tdd.encontro2.test\bin\debug\tdd.encontro2.test.dll" type="Microsoft.VisualStudio.TestTools.TestTypes.Unit.UnitTestElement, Microsoft.VisualStudio.QualityTools.Tips.UnitTest.ObjectModel,   PublicKeyToken=b03f5f7f11d50a3a" />
        <TestLink id="29953b7e-4500-8369-72e9-7e1ea948d426" name="Validar_Hora_Accessor_Sem_Digito_De_Hora_Accessors" storage="d:\projetos\lab\tdd.encontro2\tdd.encontro2.test\bin\debug\tdd.encontro2.test.dll" type="Microsoft.VisualStudio.TestTools.TestTypes.Unit.UnitTestElement, Microsoft.VisualStudio.QualityTools.Tips.UnitTest.ObjectModel,   PublicKeyToken=b03f5f7f11d50a3a" />
        <TestLink id="182f76e0-c9fd-770c-3077-437237507f22" name="Soma_Horas_Com_Minutos" storage="d:\projetos\lab\tdd.encontro2\tdd.encontro2.test\bin\debug\tdd.encontro2.test.dll" type="Microsoft.VisualStudio.TestTools.TestTypes.Unit.UnitTestElement, Microsoft.VisualStudio.QualityTools.Tips.UnitTest.ObjectModel,   PublicKeyToken=b03f5f7f11d50a3a" />
        <TestLink id="30570865-d9ac-d3ef-c31c-49fbdb9a0b40" name="Criacao_Hora_Nao_Informando_Hora_E_Minuto" storage="d:\projetos\lab\tdd.encontro2\tdd.encontro2.test\bin\debug\tdd.encontro2.test.dll" type="Microsoft.VisualStudio.TestTools.TestTypes.Unit.UnitTestElement, Microsoft.VisualStudio.QualityTools.Tips.UnitTest.ObjectModel,   PublicKeyToken=b03f5f7f11d50a3a" />
        <TestLink id="fda06644-92e0-e3aa-75e1-24a912586eab" name="Soma_Horas_Com_Mais_De_Um_Digito" storage="d:\projetos\lab\tdd.encontro2\tdd.encontro2.test\bin\debug\tdd.encontro2.test.dll" type="Microsoft.VisualStudio.TestTools.TestTypes.Unit.UnitTestElement, Microsoft.VisualStudio.QualityTools.Tips.UnitTest.ObjectModel,   PublicKeyToken=b03f5f7f11d50a3a" />
        <TestLink id="db03e5e4-a59c-6ace-488b-3623e4810e11" name="Validar_Hora_Accessor_Negativa" storage="d:\projetos\lab\tdd.encontro2\tdd.encontro2.test\bin\debug\tdd.encontro2.test.dll" type="Microsoft.VisualStudio.TestTools.TestTypes.Unit.UnitTestElement, Microsoft.VisualStudio.QualityTools.Tips.UnitTest.ObjectModel,   PublicKeyToken=b03f5f7f11d50a3a" />
        <TestLink id="87c0138e-ebd4-b448-5196-062a03183403" name="Validar_Hora_Informando_Hora_E_Minuto" storage="d:\projetos\lab\tdd.encontro2\tdd.encontro2.test\bin\debug\tdd.encontro2.test.dll" type="Microsoft.VisualStudio.TestTools.TestTypes.Unit.UnitTestElement, Microsoft.VisualStudio.QualityTools.Tips.UnitTest.ObjectModel,   PublicKeyToken=b03f5f7f11d50a3a" />
        <TestLink id="f871ce0e-b3a2-d9c0-06d8-ef4f9a8effe6" name="Criacao_Hora_Informando_Hora_E_Minuto" storage="d:\projetos\lab\tdd.encontro2\tdd.encontro2.test\bin\debug\tdd.encontro2.test.dll" type="Microsoft.VisualStudio.TestTools.TestTypes.Unit.UnitTestElement, Microsoft.VisualStudio.QualityTools.Tips.UnitTest.ObjectModel,   PublicKeyToken=b03f5f7f11d50a3a" />
        <TestLink id="17b69b6e-5323-c278-64a5-e4f671fdcdd0" name="Soma_Horas_Com_Valor_Negativo" storage="d:\projetos\lab\tdd.encontro2\tdd.encontro2.test\bin\debug\tdd.encontro2.test.dll" type="Microsoft.VisualStudio.TestTools.TestTypes.Unit.UnitTestElement, Microsoft.VisualStudio.QualityTools.Tips.UnitTest.ObjectModel,   PublicKeyToken=b03f5f7f11d50a3a" />
        <TestLink id="db8384d3-e4cd-4dfd-44bc-0ea4243bf001" name="Criacao_Hora_Formato_Invalido" storage="d:\projetos\lab\tdd.encontro2\tdd.encontro2.test\bin\debug\tdd.encontro2.test.dll" type="Microsoft.VisualStudio.TestTools.TestTypes.Unit.UnitTestElement, Microsoft.VisualStudio.QualityTools.Tips.UnitTest.ObjectModel,   PublicKeyToken=b03f5f7f11d50a3a" />
        <TestLink id="0a591512-9faf-3076-fdd8-955ee8ae9da1" name="Soma_Horas_Com_Minutos_Acima_De_59_Minutos" storage="d:\projetos\lab\tdd.encontro2\tdd.encontro2.test\bin\debug\tdd.encontro2.test.dll" type="Microsoft.VisualStudio.TestTools.TestTypes.Unit.UnitTestElement, Microsoft.VisualStudio.QualityTools.Tips.UnitTest.ObjectModel,   PublicKeyToken=b03f5f7f11d50a3a" />
        <TestLink id="1d59d709-b619-1f7e-ec50-a5b4600a3218" name="Criacao_Hora_Com_Minutos_Invalidos" storage="d:\projetos\lab\tdd.encontro2\tdd.encontro2.test\bin\debug\tdd.encontro2.test.dll" type="Microsoft.VisualStudio.TestTools.TestTypes.Unit.UnitTestElement, Microsoft.VisualStudio.QualityTools.Tips.UnitTest.ObjectModel,   PublicKeyToken=b03f5f7f11d50a3a" />
        <TestLink id="966015ea-9492-ce91-5e00-6d0130c7c4c2" name="Validar_Hora_Accessor_Formato_Invalido" storage="d:\projetos\lab\tdd.encontro2\tdd.encontro2.test\bin\debug\tdd.encontro2.test.dll" type="Microsoft.VisualStudio.TestTools.TestTypes.Unit.UnitTestElement, Microsoft.VisualStudio.QualityTools.Tips.UnitTest.ObjectModel,   PublicKeyToken=b03f5f7f11d50a3a" />
        <TestLink id="69e0a0f7-dc17-ae9e-dbd0-5d769f1efdd1" name="Criacao_Hora_Sem_Digito_De_Horas" storage="d:\projetos\lab\tdd.encontro2\tdd.encontro2.test\bin\debug\tdd.encontro2.test.dll" type="Microsoft.VisualStudio.TestTools.TestTypes.Unit.UnitTestElement, Microsoft.VisualStudio.QualityTools.Tips.UnitTest.ObjectModel,   PublicKeyToken=b03f5f7f11d50a3a" />
        <TestLink id="2c96285b-997b-6029-1f3d-8ac944f7a963" name="Criacao_Hora_Com_Mais_De_Dois_Digitos" storage="d:\projetos\lab\tdd.encontro2\tdd.encontro2.test\bin\debug\tdd.encontro2.test.dll" type="Microsoft.VisualStudio.TestTools.TestTypes.Unit.UnitTestElement, Microsoft.VisualStudio.QualityTools.Tips.UnitTest.ObjectModel,   PublicKeyToken=b03f5f7f11d50a3a" />
      </TestLinks>
    </TestList>
  </TestLists>
  <TestEntries>
    <TestEntry testId="87c0138e-ebd4-b448-5196-062a03183403" executionId="9269dc80-7750-4ba1-a1b7-f5ec23ee1823" testListId="15840062-34b0-4acd-bd91-deb70e9d47b0" />
    <TestEntry testId="12de2bcf-b47b-6b6d-fdd8-caf3c9e12274" executionId="12a2617a-1512-4c3d-8080-b14209071cc4" testListId="15840062-34b0-4acd-bd91-deb70e9d47b0" />
    <TestEntry testId="ff226b66-6b25-b1d8-c073-9db9e29a7aad" executionId="ce83772c-ab66-489a-967a-baaeb4e4c795" testListId="15840062-34b0-4acd-bd91-deb70e9d47b0" />
    <TestEntry testId="1d59d709-b619-1f7e-ec50-a5b4600a3218" executionId="9e16a214-e0a5-428f-9dab-138966b1acae" testListId="15840062-34b0-4acd-bd91-deb70e9d47b0" />
    <TestEntry testId="2c96285b-997b-6029-1f3d-8ac944f7a963" executionId="b11c4849-2890-4664-8036-2a6a3517671e" testListId="15840062-34b0-4acd-bd91-deb70e9d47b0" />
    <TestEntry testId="db8384d3-e4cd-4dfd-44bc-0ea4243bf001" executionId="6ea31f72-ca1c-4b15-99a7-1910143ca32e" testListId="15840062-34b0-4acd-bd91-deb70e9d47b0" />
    <TestEntry testId="27aa5d33-fb3f-6650-e7d7-cf288bec1dcd" executionId="57d5916b-afd1-412b-9885-5c29bf5e2549" testListId="15840062-34b0-4acd-bd91-deb70e9d47b0" />
    <TestEntry testId="30570865-d9ac-d3ef-c31c-49fbdb9a0b40" executionId="227c50b4-4f14-4965-9e1a-6b4ebf746c75" testListId="15840062-34b0-4acd-bd91-deb70e9d47b0" />
    <TestEntry testId="fda06644-92e0-e3aa-75e1-24a912586eab" executionId="d091582e-801b-470b-b04e-8b65cf73eec8" testListId="15840062-34b0-4acd-bd91-deb70e9d47b0" />
    <TestEntry testId="9396bbbe-284c-4b64-5dea-4e7ac9a8e11b" executionId="937ede80-84cf-4a05-95a4-f33117d57007" testListId="15840062-34b0-4acd-bd91-deb70e9d47b0" />
    <TestEntry testId="f871ce0e-b3a2-d9c0-06d8-ef4f9a8effe6" executionId="36c450d5-b5e2-4212-8002-4e775f51065e" testListId="15840062-34b0-4acd-bd91-deb70e9d47b0" />
    <TestEntry testId="69e0a0f7-dc17-ae9e-dbd0-5d769f1efdd1" executionId="018945de-4847-46ac-b371-76a0bb398628" testListId="15840062-34b0-4acd-bd91-deb70e9d47b0" />
    <TestEntry testId="17b69b6e-5323-c278-64a5-e4f671fdcdd0" executionId="1bf9b3f9-8508-4b63-8e39-f58b22579a09" testListId="15840062-34b0-4acd-bd91-deb70e9d47b0" />
    <TestEntry testId="838b3837-8233-5914-e910-5c34a7784584" executionId="5ebc79e6-3dc5-4b60-8e3f-15e390486584" testListId="15840062-34b0-4acd-bd91-deb70e9d47b0" />
    <TestEntry testId="7e20360e-9201-8939-e474-d22316638795" executionId="cce0be62-aa4e-4b23-9d22-8f0baf5e9383" testListId="15840062-34b0-4acd-bd91-deb70e9d47b0" />
    <TestEntry testId="c260142c-a0de-e0dc-5854-cfb9bd0c3188" executionId="15652ba8-b5e0-4bef-ae2d-d760dbc0b198" testListId="15840062-34b0-4acd-bd91-deb70e9d47b0" />
    <TestEntry testId="966015ea-9492-ce91-5e00-6d0130c7c4c2" executionId="46541d6c-5f06-4960-9c1c-92236e9e5bef" testListId="15840062-34b0-4acd-bd91-deb70e9d47b0" />
    <TestEntry testId="db03e5e4-a59c-6ace-488b-3623e4810e11" executionId="5c207049-06cd-43cf-aef0-53c233ed31d8" testListId="15840062-34b0-4acd-bd91-deb70e9d47b0" />
    <TestEntry testId="29953b7e-4500-8369-72e9-7e1ea948d426" executionId="2a6863a6-674f-43b2-8655-c48d5a5d23dd" testListId="15840062-34b0-4acd-bd91-deb70e9d47b0" />
    <TestEntry testId="bd4f39b4-ea7f-7aa9-697c-91efd4a47f9f" executionId="5db4fb34-3361-4e2d-afaf-28ab4bf700bc" testListId="15840062-34b0-4acd-bd91-deb70e9d47b0" />
    <TestEntry testId="182f76e0-c9fd-770c-3077-437237507f22" executionId="50b1d8c4-2d49-492d-befa-d061f19f0505" testListId="15840062-34b0-4acd-bd91-deb70e9d47b0" />
    <TestEntry testId="0a591512-9faf-3076-fdd8-955ee8ae9da1" executionId="c9431faa-d72e-4b3d-800a-5dfc817563ef" testListId="15840062-34b0-4acd-bd91-deb70e9d47b0" />
  </TestEntries>
  <Results>
    <UnitTestResult executionId="9269dc80-7750-4ba1-a1b7-f5ec23ee1823" testId="87c0138e-ebd4-b448-5196-062a03183403" testName="Validar_Hora_Informando_Hora_E_Minuto" computerName="MATRIX" duration="00:00:00.1018562" startTime="2009-01-14T22:29:29.7187500-02:00" endTime="2009-01-14T22:29:30.1250000-02:00" testType="13cdc9d9-ddb5-4fa4-a97d-d965ccfc6d4b" outcome="Passed" testListId="15840062-34b0-4acd-bd91-deb70e9d47b0">
      <Output>
      </Output>
    </UnitTestResult>
    <UnitTestResult executionId="12a2617a-1512-4c3d-8080-b14209071cc4" testId="12de2bcf-b47b-6b6d-fdd8-caf3c9e12274" testName="Criacao_Hora_Formato_Invalido_Excecao_Esperada" computerName="MATRIX" duration="00:00:00.0095182" startTime="2009-01-14T22:29:30.1250000-02:00" endTime="2009-01-14T22:29:30.1406250-02:00" testType="13cdc9d9-ddb5-4fa4-a97d-d965ccfc6d4b" outcome="Passed" testListId="15840062-34b0-4acd-bd91-deb70e9d47b0">
      <Output>
      </Output>
    </UnitTestResult>
    <UnitTestResult executionId="ce83772c-ab66-489a-967a-baaeb4e4c795" testId="ff226b66-6b25-b1d8-c073-9db9e29a7aad" testName="Criacao_Hora_Com_Um_Digito" computerName="MATRIX" duration="00:00:00.0021810" startTime="2009-01-14T22:29:30.1406250-02:00" endTime="2009-01-14T22:29:30.1406250-02:00" testType="13cdc9d9-ddb5-4fa4-a97d-d965ccfc6d4b" outcome="Passed" testListId="15840062-34b0-4acd-bd91-deb70e9d47b0">
      <Output>
      </Output>
    </UnitTestResult>
    <UnitTestResult executionId="9e16a214-e0a5-428f-9dab-138966b1acae" testId="1d59d709-b619-1f7e-ec50-a5b4600a3218" testName="Criacao_Hora_Com_Minutos_Invalidos" computerName="MATRIX" duration="00:00:00.0040290" startTime="2009-01-14T22:29:30.1406250-02:00" endTime="2009-01-14T22:29:30.1562500-02:00" testType="13cdc9d9-ddb5-4fa4-a97d-d965ccfc6d4b" outcome="Passed" testListId="15840062-34b0-4acd-bd91-deb70e9d47b0">
      <Output>
      </Output>
    </UnitTestResult>
    <UnitTestResult executionId="b11c4849-2890-4664-8036-2a6a3517671e" testId="2c96285b-997b-6029-1f3d-8ac944f7a963" testName="Criacao_Hora_Com_Mais_De_Dois_Digitos" computerName="MATRIX" duration="00:00:00.0003123" startTime="2009-01-14T22:29:30.1562500-02:00" endTime="2009-01-14T22:29:30.1562500-02:00" testType="13cdc9d9-ddb5-4fa4-a97d-d965ccfc6d4b" outcome="Passed" testListId="15840062-34b0-4acd-bd91-deb70e9d47b0">
      <Output>
      </Output>
    </UnitTestResult>
    <UnitTestResult executionId="6ea31f72-ca1c-4b15-99a7-1910143ca32e" testId="db8384d3-e4cd-4dfd-44bc-0ea4243bf001" testName="Criacao_Hora_Formato_Invalido" computerName="MATRIX" duration="00:00:00.0038809" startTime="2009-01-14T22:29:30.1562500-02:00" endTime="2009-01-14T22:29:30.1718750-02:00" testType="13cdc9d9-ddb5-4fa4-a97d-d965ccfc6d4b" outcome="Passed" testListId="15840062-34b0-4acd-bd91-deb70e9d47b0">
      <Output>
      </Output>
    </UnitTestResult>
    <UnitTestResult executionId="57d5916b-afd1-412b-9885-5c29bf5e2549" testId="27aa5d33-fb3f-6650-e7d7-cf288bec1dcd" testName="Criacao_Hora_Negativa" computerName="MATRIX" duration="00:00:00.0003103" startTime="2009-01-14T22:29:30.1718750-02:00" endTime="2009-01-14T22:29:30.1718750-02:00" testType="13cdc9d9-ddb5-4fa4-a97d-d965ccfc6d4b" outcome="Passed" testListId="15840062-34b0-4acd-bd91-deb70e9d47b0">
      <Output>
      </Output>
    </UnitTestResult>
    <UnitTestResult executionId="227c50b4-4f14-4965-9e1a-6b4ebf746c75" testId="30570865-d9ac-d3ef-c31c-49fbdb9a0b40" testName="Criacao_Hora_Nao_Informando_Hora_E_Minuto" computerName="MATRIX" duration="00:00:00.0003078" startTime="2009-01-14T22:29:30.1875000-02:00" endTime="2009-01-14T22:29:30.1875000-02:00" testType="13cdc9d9-ddb5-4fa4-a97d-d965ccfc6d4b" outcome="Passed" testListId="15840062-34b0-4acd-bd91-deb70e9d47b0">
      <Output>
      </Output>
    </UnitTestResult>
    <UnitTestResult executionId="d091582e-801b-470b-b04e-8b65cf73eec8" testId="fda06644-92e0-e3aa-75e1-24a912586eab" testName="Soma_Horas_Com_Mais_De_Um_Digito" computerName="MATRIX" duration="00:00:00.0451683" startTime="2009-01-14T22:29:30.1875000-02:00" endTime="2009-01-14T22:29:30.2343750-02:00" testType="13cdc9d9-ddb5-4fa4-a97d-d965ccfc6d4b" outcome="Failed" testListId="15840062-34b0-4acd-bd91-deb70e9d47b0">
      <Output>
        <ErrorInfo>
          <Message>Assert.AreEqual failed. Expected:&lt;1240:00&gt;. Actual:&lt;16:00&gt;. </Message>
          <StackTrace>   at Tdd.Encontro2.Test.HoraTest.Soma_Horas_Com_Mais_De_Um_Digito() in D:\Projetos\Lab\Tdd.Encontro2\Tdd.Encontro2.Test\HoraTest.cs:line 247
</StackTrace>
        </ErrorInfo>
      </Output>
    </UnitTestResult>
    <UnitTestResult executionId="937ede80-84cf-4a05-95a4-f33117d57007" testId="9396bbbe-284c-4b64-5dea-4e7ac9a8e11b" testName="Validar_Hora_Accessor_Com_Mais_De_Dois_Digitos" computerName="MATRIX" duration="00:00:00.0004064" startTime="2009-01-14T22:29:30.2343750-02:00" endTime="2009-01-14T22:29:30.2500000-02:00" testType="13cdc9d9-ddb5-4fa4-a97d-d965ccfc6d4b" outcome="Passed" testListId="15840062-34b0-4acd-bd91-deb70e9d47b0">
      <Output>
      </Output>
    </UnitTestResult>
    <UnitTestResult executionId="36c450d5-b5e2-4212-8002-4e775f51065e" testId="f871ce0e-b3a2-d9c0-06d8-ef4f9a8effe6" testName="Criacao_Hora_Informando_Hora_E_Minuto" computerName="MATRIX" duration="00:00:00.0003472" startTime="2009-01-14T22:29:30.2500000-02:00" endTime="2009-01-14T22:29:30.2500000-02:00" testType="13cdc9d9-ddb5-4fa4-a97d-d965ccfc6d4b" outcome="Passed" testListId="15840062-34b0-4acd-bd91-deb70e9d47b0">
      <Output>
      </Output>
    </UnitTestResult>
    <UnitTestResult executionId="018945de-4847-46ac-b371-76a0bb398628" testId="69e0a0f7-dc17-ae9e-dbd0-5d769f1efdd1" testName="Criacao_Hora_Sem_Digito_De_Horas" computerName="MATRIX" duration="00:00:00.0041298" startTime="2009-01-14T22:29:30.2500000-02:00" endTime="2009-01-14T22:29:30.2656250-02:00" testType="13cdc9d9-ddb5-4fa4-a97d-d965ccfc6d4b" outcome="Passed" testListId="15840062-34b0-4acd-bd91-deb70e9d47b0">
      <Output>
      </Output>
    </UnitTestResult>
    <UnitTestResult executionId="1bf9b3f9-8508-4b63-8e39-f58b22579a09" testId="17b69b6e-5323-c278-64a5-e4f671fdcdd0" testName="Soma_Horas_Com_Valor_Negativo" computerName="MATRIX" duration="00:00:00.0073769" startTime="2009-01-14T22:29:30.2656250-02:00" endTime="2009-01-14T22:29:30.2812500-02:00" testType="13cdc9d9-ddb5-4fa4-a97d-d965ccfc6d4b" outcome="Failed" testListId="15840062-34b0-4acd-bd91-deb70e9d47b0">
      <Output>
        <ErrorInfo>
          <Message>Assert.AreEqual failed. Expected:&lt;330:00&gt;. Actual:&lt;18:00&gt;. </Message>
          <StackTrace>   at Tdd.Encontro2.Test.HoraTest.Soma_Horas_Com_Valor_Negativo() in D:\Projetos\Lab\Tdd.Encontro2\Tdd.Encontro2.Test\HoraTest.cs:line 256
</StackTrace>
        </ErrorInfo>
      </Output>
    </UnitTestResult>
    <UnitTestResult executionId="5ebc79e6-3dc5-4b60-8e3f-15e390486584" testId="838b3837-8233-5914-e910-5c34a7784584" testName="Validar_Hora_Accessor_Com_Um_Digito" computerName="MATRIX" duration="00:00:00.0003994" startTime="2009-01-14T22:29:30.2812500-02:00" endTime="2009-01-14T22:29:30.2812500-02:00" testType="13cdc9d9-ddb5-4fa4-a97d-d965ccfc6d4b" outcome="Passed" testListId="15840062-34b0-4acd-bd91-deb70e9d47b0">
      <Output>
      </Output>
    </UnitTestResult>
    <UnitTestResult executionId="cce0be62-aa4e-4b23-9d22-8f0baf5e9383" testId="7e20360e-9201-8939-e474-d22316638795" testName="Soma_Horas_Formato_Invalido" computerName="MATRIX" duration="00:00:00.0042133" startTime="2009-01-14T22:29:30.2968750-02:00" endTime="2009-01-14T22:29:30.2968750-02:00" testType="13cdc9d9-ddb5-4fa4-a97d-d965ccfc6d4b" outcome="Passed" testListId="15840062-34b0-4acd-bd91-deb70e9d47b0">
      <Output>
      </Output>
    </UnitTestResult>
    <UnitTestResult executionId="15652ba8-b5e0-4bef-ae2d-d760dbc0b198" testId="c260142c-a0de-e0dc-5854-cfb9bd0c3188" testName="Validar_Hora_Accessor_Com_Minutos_Invalidos" computerName="MATRIX" duration="00:00:00.0158684" startTime="2009-01-14T22:29:30.2968750-02:00" endTime="2009-01-14T22:29:30.3281250-02:00" testType="13cdc9d9-ddb5-4fa4-a97d-d965ccfc6d4b" outcome="Passed" testListId="15840062-34b0-4acd-bd91-deb70e9d47b0">
      <Output>
      </Output>
    </UnitTestResult>
    <UnitTestResult executionId="46541d6c-5f06-4960-9c1c-92236e9e5bef" testId="966015ea-9492-ce91-5e00-6d0130c7c4c2" testName="Validar_Hora_Accessor_Formato_Invalido" computerName="MATRIX" duration="00:00:00.0105264" startTime="2009-01-14T22:29:30.3281250-02:00" endTime="2009-01-14T22:29:30.3437500-02:00" testType="13cdc9d9-ddb5-4fa4-a97d-d965ccfc6d4b" outcome="Passed" testListId="15840062-34b0-4acd-bd91-deb70e9d47b0">
      <Output>
      </Output>
    </UnitTestResult>
    <UnitTestResult executionId="5c207049-06cd-43cf-aef0-53c233ed31d8" testId="db03e5e4-a59c-6ace-488b-3623e4810e11" testName="Validar_Hora_Accessor_Negativa" computerName="MATRIX" duration="00:00:00.0003464" startTime="2009-01-14T22:29:30.3437500-02:00" endTime="2009-01-14T22:29:30.3437500-02:00" testType="13cdc9d9-ddb5-4fa4-a97d-d965ccfc6d4b" outcome="Passed" testListId="15840062-34b0-4acd-bd91-deb70e9d47b0">
      <Output>
      </Output>
    </UnitTestResult>
    <UnitTestResult executionId="2a6863a6-674f-43b2-8655-c48d5a5d23dd" testId="29953b7e-4500-8369-72e9-7e1ea948d426" testName="Validar_Hora_Accessor_Sem_Digito_De_Hora_Accessors" computerName="MATRIX" duration="00:00:00.0093939" startTime="2009-01-14T22:29:30.3437500-02:00" endTime="2009-01-14T22:29:30.3593750-02:00" testType="13cdc9d9-ddb5-4fa4-a97d-d965ccfc6d4b" outcome="Passed" testListId="15840062-34b0-4acd-bd91-deb70e9d47b0">
      <Output>
      </Output>
    </UnitTestResult>
    <UnitTestResult executionId="5db4fb34-3361-4e2d-afaf-28ab4bf700bc" testId="bd4f39b4-ea7f-7aa9-697c-91efd4a47f9f" testName="Soma_Horas_Com_Um_Digito" computerName="MATRIX" duration="00:00:00.0003603" startTime="2009-01-14T22:29:30.3593750-02:00" endTime="2009-01-14T22:29:30.3906250-02:00" testType="13cdc9d9-ddb5-4fa4-a97d-d965ccfc6d4b" outcome="Passed" testListId="15840062-34b0-4acd-bd91-deb70e9d47b0">
      <Output>
      </Output>
    </UnitTestResult>
    <UnitTestResult executionId="50b1d8c4-2d49-492d-befa-d061f19f0505" testId="182f76e0-c9fd-770c-3077-437237507f22" testName="Soma_Horas_Com_Minutos" computerName="MATRIX" duration="00:00:00.0003564" startTime="2009-01-14T22:29:30.3906250-02:00" endTime="2009-01-14T22:29:30.3906250-02:00" testType="13cdc9d9-ddb5-4fa4-a97d-d965ccfc6d4b" outcome="Passed" testListId="15840062-34b0-4acd-bd91-deb70e9d47b0">
      <Output>
      </Output>
    </UnitTestResult>
    <UnitTestResult executionId="c9431faa-d72e-4b3d-800a-5dfc817563ef" testId="0a591512-9faf-3076-fdd8-955ee8ae9da1" testName="Soma_Horas_Com_Minutos_Acima_De_59_Minutos" computerName="MATRIX" duration="00:00:00.0003614" startTime="2009-01-14T22:29:30.3906250-02:00" endTime="2009-01-14T22:29:30.4062500-02:00" testType="13cdc9d9-ddb5-4fa4-a97d-d965ccfc6d4b" outcome="Passed" testListId="15840062-34b0-4acd-bd91-deb70e9d47b0">
      <Output>
      </Output>
    </UnitTestResult>
  </Results>
</TestRun>