<?xml version="1.0" encoding="UTF-8"?>
<TestRun id="412f945f-2f78-4c6c-ac7d-259f684ed554" name="Amorim@MATRIX 2009-01-08 22:11:42" runUser="MATRIX\Amorim" xmlns="http://microsoft.com/schemas/VisualStudio/TeamTest/2006">
  <TestRunConfiguration name="Local Test Run" id="4397c35c-ee65-48a5-a4f6-c7715260277b">
    <Description>This is a default test run configuration for a local test run.</Description>
    <Deployment runDeploymentRoot="D:\Projetos\Lab\Tdd.Encontro2\TestResults\Amorim_MATRIX 2009-01-08 22_11_42">
      <DeploymentItem filename="D:\Projetos\Lab\Tdd.Encontro2\Tdd.Encontro2\bin\Debug\Tdd.Encontro2.dll" />
      <DeploymentItem filename="D:\Projetos\Lab\Tdd.Encontro2\Tdd.Encontro2.Test\bin\Debug\System.Data.SqlClient.dll" />
    </Deployment>
    <TestTypeSpecific />
  </TestRunConfiguration>
  <ResultSummary outcome="Warning">
    <Counters total="21" executed="21" passed="21" error="0" failed="0" timeout="0" aborted="0" inconclusive="0" passedButRunAborted="0" notRunnable="0" notExecuted="0" disconnected="0" warning="0" completed="0" inProgress="0" pending="0" />
    <RunInfos>
      <RunInfo computerName="MATRIX" outcome="Warning" timestamp="2009-01-08T22:11:44.3437500-02:00">
        <Text>Warning: Test Run deployment issue: Failed to get the file for deployment item 'D:\Projetos\Lab\Tdd.Encontro2\Tdd.Encontro2.Test\bin\Debug\System.Data.SqlClient.dll' directly or indirectly referenced by D:\Projetos\Lab\Tdd.Encontro2\Tdd.Encontro2.Test\bin\Debug\Tdd.Encontro2.Test.dll: System.IO.FileNotFoundException: Could not find file 'D:\Projetos\Lab\Tdd.Encontro2\Tdd.Encontro2.Test\bin\Debug\System.Data.SqlClient.dll'.</Text>
        <Exception>System.IO.FileNotFoundException: Could not find file 'D:\Projetos\Lab\Tdd.Encontro2\Tdd.Encontro2.Test\bin\Debug\System.Data.SqlClient.dll'.
File name: 'D:\Projetos\Lab\Tdd.Encontro2\Tdd.Encontro2.Test\bin\Debug\System.Data.SqlClient.dll'
   at System.IO.__Error.WinIOError(Int32 errorCode, String maybeFullPath)
   at System.IO.File.GetAttributes(String path)
   at Microsoft.VisualStudio.TestTools.Common.SingleFileProvider.GetFilePaths()
   at Microsoft.VisualStudio.TestTools.TestManagement.DeploymentCoverageItem.GetFiles(TestRunConfiguration runConfig)
   at Microsoft.VisualStudio.TestTools.TestManagement.DeploymentManager.DoDeployment(TestRun run, FileCopyService fileCopyService)</Exception>
      </RunInfo>
    </RunInfos>
  </ResultSummary>
  <Times creation="2009-01-08T22:11:42.8125000-02:00" queuing="2009-01-08T22:11:44.4531250-02:00" start="2009-01-08T22:11:44.8593750-02:00" finish="2009-01-08T22:11:45.3281250-02:00" />
  <TestDefinitions>
    <UnitTest name="Validar_Hora_Informando_Hora_E_Minuto" storage="d:\projetos\lab\tdd.encontro2\tdd.encontro2.test\bin\debug\tdd.encontro2.test.dll" id="87c0138e-ebd4-b448-5196-062a03183403">
      <Css projectStructure="" iteration="" />
      <Owners>
        <Owner name="" />
      </Owners>
      <DeploymentItems>
        <DeploymentItem filename="Tdd.Encontro2.dll" />
      </DeploymentItems>
      <Execution id="96624b62-a72e-433b-a36f-1b639519ec45" />
      <TestMethod codeBase="D:\Projetos\Lab\Tdd.Encontro2\Tdd.Encontro2.Test\bin\Debug\Tdd.Encontro2.Test.dll" adapterTypeName="Microsoft.VisualStudio.TestTools.TestTypes.Unit.UnitTestAdapter, Microsoft.VisualStudio.QualityTools.Tips.UnitTest.Adapter, Version=9.0.0.0, Culture=neutral, PublicKeyToken=b03f5f7f11d50a3a" className="Tdd.Encontro2.Test.HoraTest, Tdd.Encontro2.Test" name="Validar_Hora_Informando_Hora_E_Minuto" />
    </UnitTest>
    <UnitTest name="Criacao_Hora_Formato_Invalido_Excecao_Esperada" storage="d:\projetos\lab\tdd.encontro2\tdd.encontro2.test\bin\debug\tdd.encontro2.test.dll" id="12de2bcf-b47b-6b6d-fdd8-caf3c9e12274">
      <Css projectStructure="" iteration="" />
      <Owners>
        <Owner name="" />
      </Owners>
      <Execution id="8d4b1cbb-912b-43ed-87d5-481a5e0abd0c" />
      <TestMethod codeBase="D:\Projetos\Lab\Tdd.Encontro2\Tdd.Encontro2.Test\bin\Debug\Tdd.Encontro2.Test.dll" adapterTypeName="Microsoft.VisualStudio.TestTools.TestTypes.Unit.UnitTestAdapter, Microsoft.VisualStudio.QualityTools.Tips.UnitTest.Adapter, Version=9.0.0.0, Culture=neutral, PublicKeyToken=b03f5f7f11d50a3a" className="Tdd.Encontro2.Test.HoraTest, Tdd.Encontro2.Test" name="Criacao_Hora_Formato_Invalido_Excecao_Esperada" />
    </UnitTest>
    <UnitTest name="Criacao_Hora_Com_Um_Digito" storage="d:\projetos\lab\tdd.encontro2\tdd.encontro2.test\bin\debug\tdd.encontro2.test.dll" id="ff226b66-6b25-b1d8-c073-9db9e29a7aad">
      <Css projectStructure="" iteration="" />
      <Owners>
        <Owner name="" />
      </Owners>
      <Execution id="1027dc23-3db2-40bb-9d82-d7c5e1e34c14" />
      <TestMethod codeBase="D:\Projetos\Lab\Tdd.Encontro2\Tdd.Encontro2.Test\bin\Debug\Tdd.Encontro2.Test.dll" adapterTypeName="Microsoft.VisualStudio.TestTools.TestTypes.Unit.UnitTestAdapter, Microsoft.VisualStudio.QualityTools.Tips.UnitTest.Adapter, Version=9.0.0.0, Culture=neutral, PublicKeyToken=b03f5f7f11d50a3a" className="Tdd.Encontro2.Test.HoraTest, Tdd.Encontro2.Test" name="Criacao_Hora_Com_Um_Digito" />
    </UnitTest>
    <UnitTest name="Criacao_Hora_Com_Minutos_Invalidos" storage="d:\projetos\lab\tdd.encontro2\tdd.encontro2.test\bin\debug\tdd.encontro2.test.dll" id="1d59d709-b619-1f7e-ec50-a5b4600a3218">
      <Css projectStructure="" iteration="" />
      <Owners>
        <Owner name="" />
      </Owners>
      <Execution id="68d223ab-fc83-482e-ad9d-b5f227b4344a" />
      <TestMethod codeBase="D:\Projetos\Lab\Tdd.Encontro2\Tdd.Encontro2.Test\bin\Debug\Tdd.Encontro2.Test.dll" adapterTypeName="Microsoft.VisualStudio.TestTools.TestTypes.Unit.UnitTestAdapter, Microsoft.VisualStudio.QualityTools.Tips.UnitTest.Adapter, Version=9.0.0.0, Culture=neutral, PublicKeyToken=b03f5f7f11d50a3a" className="Tdd.Encontro2.Test.HoraTest, Tdd.Encontro2.Test" name="Criacao_Hora_Com_Minutos_Invalidos" />
    </UnitTest>
    <UnitTest name="Validar_Hora_Accessor_Com_Mais_De_Dois_Digitos" storage="d:\projetos\lab\tdd.encontro2\tdd.encontro2.test\bin\debug\tdd.encontro2.test.dll" id="9396bbbe-284c-4b64-5dea-4e7ac9a8e11b">
      <Css projectStructure="" iteration="" />
      <Owners>
        <Owner name="" />
      </Owners>
      <DeploymentItems>
        <DeploymentItem filename="Tdd.Encontro2.dll" />
      </DeploymentItems>
      <Execution id="02b69c6d-60a4-4190-b706-a46da34c6683" />
      <TestMethod codeBase="D:\Projetos\Lab\Tdd.Encontro2\Tdd.Encontro2.Test\bin\Debug\Tdd.Encontro2.Test.dll" adapterTypeName="Microsoft.VisualStudio.TestTools.TestTypes.Unit.UnitTestAdapter, Microsoft.VisualStudio.QualityTools.Tips.UnitTest.Adapter, Version=9.0.0.0, Culture=neutral, PublicKeyToken=b03f5f7f11d50a3a" className="Tdd.Encontro2.Test.HoraTest, Tdd.Encontro2.Test" name="Validar_Hora_Accessor_Com_Mais_De_Dois_Digitos" />
    </UnitTest>
    <UnitTest name="Criacao_Hora_Com_Mais_De_Dois_Digitos" storage="d:\projetos\lab\tdd.encontro2\tdd.encontro2.test\bin\debug\tdd.encontro2.test.dll" id="2c96285b-997b-6029-1f3d-8ac944f7a963">
      <Css projectStructure="" iteration="" />
      <Owners>
        <Owner name="" />
      </Owners>
      <Execution id="a030a4e5-1de9-4156-bb76-d714b2bb1ff3" />
      <TestMethod codeBase="D:\Projetos\Lab\Tdd.Encontro2\Tdd.Encontro2.Test\bin\Debug\Tdd.Encontro2.Test.dll" adapterTypeName="Microsoft.VisualStudio.TestTools.TestTypes.Unit.UnitTestAdapter, Microsoft.VisualStudio.QualityTools.Tips.UnitTest.Adapter, Version=9.0.0.0, Culture=neutral, PublicKeyToken=b03f5f7f11d50a3a" className="Tdd.Encontro2.Test.HoraTest, Tdd.Encontro2.Test" name="Criacao_Hora_Com_Mais_De_Dois_Digitos" />
    </UnitTest>
    <UnitTest name="Criacao_Hora_Formato_Invalido" storage="d:\projetos\lab\tdd.encontro2\tdd.encontro2.test\bin\debug\tdd.encontro2.test.dll" id="db8384d3-e4cd-4dfd-44bc-0ea4243bf001">
      <Css projectStructure="" iteration="" />
      <Owners>
        <Owner name="" />
      </Owners>
      <Execution id="c263ca87-c07b-4038-a8bd-6a0b8d7189c1" />
      <TestMethod codeBase="D:\Projetos\Lab\Tdd.Encontro2\Tdd.Encontro2.Test\bin\Debug\Tdd.Encontro2.Test.dll" adapterTypeName="Microsoft.VisualStudio.TestTools.TestTypes.Unit.UnitTestAdapter, Microsoft.VisualStudio.QualityTools.Tips.UnitTest.Adapter, Version=9.0.0.0, Culture=neutral, PublicKeyToken=b03f5f7f11d50a3a" className="Tdd.Encontro2.Test.HoraTest, Tdd.Encontro2.Test" name="Criacao_Hora_Formato_Invalido" />
    </UnitTest>
    <UnitTest name="Criacao_Hora_Negativa" storage="d:\projetos\lab\tdd.encontro2\tdd.encontro2.test\bin\debug\tdd.encontro2.test.dll" id="27aa5d33-fb3f-6650-e7d7-cf288bec1dcd">
      <Css projectStructure="" iteration="" />
      <Owners>
        <Owner name="" />
      </Owners>
      <Execution id="33414ce2-a12b-45ca-b849-cd00775efa61" />
      <TestMethod codeBase="D:\Projetos\Lab\Tdd.Encontro2\Tdd.Encontro2.Test\bin\Debug\Tdd.Encontro2.Test.dll" adapterTypeName="Microsoft.VisualStudio.TestTools.TestTypes.Unit.UnitTestAdapter, Microsoft.VisualStudio.QualityTools.Tips.UnitTest.Adapter, Version=9.0.0.0, Culture=neutral, PublicKeyToken=b03f5f7f11d50a3a" className="Tdd.Encontro2.Test.HoraTest, Tdd.Encontro2.Test" name="Criacao_Hora_Negativa" />
    </UnitTest>
    <UnitTest name="Criacao_Hora_Nao_Informando_Hora_E_Minuto" storage="d:\projetos\lab\tdd.encontro2\tdd.encontro2.test\bin\debug\tdd.encontro2.test.dll" id="30570865-d9ac-d3ef-c31c-49fbdb9a0b40">
      <Css projectStructure="" iteration="" />
      <Owners>
        <Owner name="" />
      </Owners>
      <Execution id="2bf04157-96cf-4c94-a5fe-9d67f365792e" />
      <TestMethod codeBase="D:\Projetos\Lab\Tdd.Encontro2\Tdd.Encontro2.Test\bin\Debug\Tdd.Encontro2.Test.dll" adapterTypeName="Microsoft.VisualStudio.TestTools.TestTypes.Unit.UnitTestAdapter, Microsoft.VisualStudio.QualityTools.Tips.UnitTest.Adapter, Version=9.0.0.0, Culture=neutral, PublicKeyToken=b03f5f7f11d50a3a" className="Tdd.Encontro2.Test.HoraTest, Tdd.Encontro2.Test" name="Criacao_Hora_Nao_Informando_Hora_E_Minuto" />
    </UnitTest>
    <UnitTest name="Soma_Horas_Com_Mais_De_Um_Digito" storage="d:\projetos\lab\tdd.encontro2\tdd.encontro2.test\bin\debug\tdd.encontro2.test.dll" id="fda06644-92e0-e3aa-75e1-24a912586eab">
      <Css projectStructure="" iteration="" />
      <Owners>
        <Owner name="" />
      </Owners>
      <Execution id="cd866cb6-b9d8-42c2-9c90-9b353ef93145" />
      <TestMethod codeBase="D:\Projetos\Lab\Tdd.Encontro2\Tdd.Encontro2.Test\bin\Debug\Tdd.Encontro2.Test.dll" adapterTypeName="Microsoft.VisualStudio.TestTools.TestTypes.Unit.UnitTestAdapter, Microsoft.VisualStudio.QualityTools.Tips.UnitTest.Adapter, Version=9.0.0.0, Culture=neutral, PublicKeyToken=b03f5f7f11d50a3a" className="Tdd.Encontro2.Test.HoraTest, Tdd.Encontro2.Test" name="Soma_Horas_Com_Mais_De_Um_Digito" />
    </UnitTest>
    <UnitTest name="Criacao_Hora_Informando_Hora_E_Minuto" storage="d:\projetos\lab\tdd.encontro2\tdd.encontro2.test\bin\debug\tdd.encontro2.test.dll" id="f871ce0e-b3a2-d9c0-06d8-ef4f9a8effe6">
      <Css projectStructure="" iteration="" />
      <Owners>
        <Owner name="" />
      </Owners>
      <Execution id="68e35f34-8c16-44dc-81eb-402107d830ce" />
      <TestMethod codeBase="D:\Projetos\Lab\Tdd.Encontro2\Tdd.Encontro2.Test\bin\Debug\Tdd.Encontro2.Test.dll" adapterTypeName="Microsoft.VisualStudio.TestTools.TestTypes.Unit.UnitTestAdapter, Microsoft.VisualStudio.QualityTools.Tips.UnitTest.Adapter, Version=9.0.0.0, Culture=neutral, PublicKeyToken=b03f5f7f11d50a3a" className="Tdd.Encontro2.Test.HoraTest, Tdd.Encontro2.Test" name="Criacao_Hora_Informando_Hora_E_Minuto" />
    </UnitTest>
    <UnitTest name="Soma_Horas_Com_Um_Digito" storage="d:\projetos\lab\tdd.encontro2\tdd.encontro2.test\bin\debug\tdd.encontro2.test.dll" id="bd4f39b4-ea7f-7aa9-697c-91efd4a47f9f">
      <Css projectStructure="" iteration="" />
      <Owners>
        <Owner name="" />
      </Owners>
      <Execution id="14686dc7-42cd-411e-9d23-6fc024b83ad1" />
      <TestMethod codeBase="D:\Projetos\Lab\Tdd.Encontro2\Tdd.Encontro2.Test\bin\Debug\Tdd.Encontro2.Test.dll" adapterTypeName="Microsoft.VisualStudio.TestTools.TestTypes.Unit.UnitTestAdapter, Microsoft.VisualStudio.QualityTools.Tips.UnitTest.Adapter, Version=9.0.0.0, Culture=neutral, PublicKeyToken=b03f5f7f11d50a3a" className="Tdd.Encontro2.Test.HoraTest, Tdd.Encontro2.Test" name="Soma_Horas_Com_Um_Digito" />
    </UnitTest>
    <UnitTest name="Validar_Hora_Accessor_Formato_Invalido" storage="d:\projetos\lab\tdd.encontro2\tdd.encontro2.test\bin\debug\tdd.encontro2.test.dll" id="966015ea-9492-ce91-5e00-6d0130c7c4c2">
      <Css projectStructure="" iteration="" />
      <Owners>
        <Owner name="" />
      </Owners>
      <DeploymentItems>
        <DeploymentItem filename="Tdd.Encontro2.dll" />
      </DeploymentItems>
      <Execution id="199f7550-8ace-4519-a8c9-ebbf072d8a77" />
      <TestMethod codeBase="D:\Projetos\Lab\Tdd.Encontro2\Tdd.Encontro2.Test\bin\Debug\Tdd.Encontro2.Test.dll" adapterTypeName="Microsoft.VisualStudio.TestTools.TestTypes.Unit.UnitTestAdapter, Microsoft.VisualStudio.QualityTools.Tips.UnitTest.Adapter, Version=9.0.0.0, Culture=neutral, PublicKeyToken=b03f5f7f11d50a3a" className="Tdd.Encontro2.Test.HoraTest, Tdd.Encontro2.Test" name="Validar_Hora_Accessor_Formato_Invalido" />
    </UnitTest>
    <UnitTest name="Soma_Horas_Com_Valor_Negativo" storage="d:\projetos\lab\tdd.encontro2\tdd.encontro2.test\bin\debug\tdd.encontro2.test.dll" id="17b69b6e-5323-c278-64a5-e4f671fdcdd0">
      <Css projectStructure="" iteration="" />
      <Owners>
        <Owner name="" />
      </Owners>
      <Execution id="70ee8498-baa4-40f8-97c4-c46bcba6f78f" />
      <TestMethod codeBase="D:\Projetos\Lab\Tdd.Encontro2\Tdd.Encontro2.Test\bin\Debug\Tdd.Encontro2.Test.dll" adapterTypeName="Microsoft.VisualStudio.TestTools.TestTypes.Unit.UnitTestAdapter, Microsoft.VisualStudio.QualityTools.Tips.UnitTest.Adapter, Version=9.0.0.0, Culture=neutral, PublicKeyToken=b03f5f7f11d50a3a" className="Tdd.Encontro2.Test.HoraTest, Tdd.Encontro2.Test" name="Soma_Horas_Com_Valor_Negativo" />
    </UnitTest>
    <UnitTest name="Validar_Hora_Accessor_Com_Um_Digito" storage="d:\projetos\lab\tdd.encontro2\tdd.encontro2.test\bin\debug\tdd.encontro2.test.dll" id="838b3837-8233-5914-e910-5c34a7784584">
      <Css projectStructure="" iteration="" />
      <Owners>
        <Owner name="" />
      </Owners>
      <DeploymentItems>
        <DeploymentItem filename="Tdd.Encontro2.dll" />
      </DeploymentItems>
      <Execution id="33ceab65-c2ef-4b1c-b138-425b66e973be" />
      <TestMethod codeBase="D:\Projetos\Lab\Tdd.Encontro2\Tdd.Encontro2.Test\bin\Debug\Tdd.Encontro2.Test.dll" adapterTypeName="Microsoft.VisualStudio.TestTools.TestTypes.Unit.UnitTestAdapter, Microsoft.VisualStudio.QualityTools.Tips.UnitTest.Adapter, Version=9.0.0.0, Culture=neutral, PublicKeyToken=b03f5f7f11d50a3a" className="Tdd.Encontro2.Test.HoraTest, Tdd.Encontro2.Test" name="Validar_Hora_Accessor_Com_Um_Digito" />
    </UnitTest>
    <UnitTest name="Validar_Hora_Accessor_Com_Minutos_Invalidos" storage="d:\projetos\lab\tdd.encontro2\tdd.encontro2.test\bin\debug\tdd.encontro2.test.dll" id="c260142c-a0de-e0dc-5854-cfb9bd0c3188">
      <Css projectStructure="" iteration="" />
      <Owners>
        <Owner name="" />
      </Owners>
      <DeploymentItems>
        <DeploymentItem filename="Tdd.Encontro2.dll" />
      </DeploymentItems>
      <Execution id="0a74e1f3-0a97-43c8-90c7-ad52dcde8604" />
      <TestMethod codeBase="D:\Projetos\Lab\Tdd.Encontro2\Tdd.Encontro2.Test\bin\Debug\Tdd.Encontro2.Test.dll" adapterTypeName="Microsoft.VisualStudio.TestTools.TestTypes.Unit.UnitTestAdapter, Microsoft.VisualStudio.QualityTools.Tips.UnitTest.Adapter, Version=9.0.0.0, Culture=neutral, PublicKeyToken=b03f5f7f11d50a3a" className="Tdd.Encontro2.Test.HoraTest, Tdd.Encontro2.Test" name="Validar_Hora_Accessor_Com_Minutos_Invalidos" />
    </UnitTest>
    <UnitTest name="Criacao_Hora_Sem_Digito_De_Horas" storage="d:\projetos\lab\tdd.encontro2\tdd.encontro2.test\bin\debug\tdd.encontro2.test.dll" id="69e0a0f7-dc17-ae9e-dbd0-5d769f1efdd1">
      <Css projectStructure="" iteration="" />
      <Owners>
        <Owner name="" />
      </Owners>
      <Execution id="d119efb0-0069-4e68-95db-bb5292aeab09" />
      <TestMethod codeBase="D:\Projetos\Lab\Tdd.Encontro2\Tdd.Encontro2.Test\bin\Debug\Tdd.Encontro2.Test.dll" adapterTypeName="Microsoft.VisualStudio.TestTools.TestTypes.Unit.UnitTestAdapter, Microsoft.VisualStudio.QualityTools.Tips.UnitTest.Adapter, Version=9.0.0.0, Culture=neutral, PublicKeyToken=b03f5f7f11d50a3a" className="Tdd.Encontro2.Test.HoraTest, Tdd.Encontro2.Test" name="Criacao_Hora_Sem_Digito_De_Horas" />
    </UnitTest>
    <UnitTest name="Validar_Hora_Accessor_Negativa" storage="d:\projetos\lab\tdd.encontro2\tdd.encontro2.test\bin\debug\tdd.encontro2.test.dll" id="db03e5e4-a59c-6ace-488b-3623e4810e11">
      <Css projectStructure="" iteration="" />
      <Owners>
        <Owner name="" />
      </Owners>
      <DeploymentItems>
        <DeploymentItem filename="Tdd.Encontro2.dll" />
      </DeploymentItems>
      <Execution id="8321eede-3eee-4bc7-b19c-5d4cc1d373e0" />
      <TestMethod codeBase="D:\Projetos\Lab\Tdd.Encontro2\Tdd.Encontro2.Test\bin\Debug\Tdd.Encontro2.Test.dll" adapterTypeName="Microsoft.VisualStudio.TestTools.TestTypes.Unit.UnitTestAdapter, Microsoft.VisualStudio.QualityTools.Tips.UnitTest.Adapter, Version=9.0.0.0, Culture=neutral, PublicKeyToken=b03f5f7f11d50a3a" className="Tdd.Encontro2.Test.HoraTest, Tdd.Encontro2.Test" name="Validar_Hora_Accessor_Negativa" />
    </UnitTest>
    <UnitTest name="Validar_Hora_Accessor_Sem_Digito_De_Hora_Accessors" storage="d:\projetos\lab\tdd.encontro2\tdd.encontro2.test\bin\debug\tdd.encontro2.test.dll" id="29953b7e-4500-8369-72e9-7e1ea948d426">
      <Css projectStructure="" iteration="" />
      <Owners>
        <Owner name="" />
      </Owners>
      <DeploymentItems>
        <DeploymentItem filename="Tdd.Encontro2.dll" />
      </DeploymentItems>
      <Execution id="d57c4fc3-2085-4c10-bdb4-e4199d411d1e" />
      <TestMethod codeBase="D:\Projetos\Lab\Tdd.Encontro2\Tdd.Encontro2.Test\bin\Debug\Tdd.Encontro2.Test.dll" adapterTypeName="Microsoft.VisualStudio.TestTools.TestTypes.Unit.UnitTestAdapter, Microsoft.VisualStudio.QualityTools.Tips.UnitTest.Adapter, Version=9.0.0.0, Culture=neutral, PublicKeyToken=b03f5f7f11d50a3a" className="Tdd.Encontro2.Test.HoraTest, Tdd.Encontro2.Test" name="Validar_Hora_Accessor_Sem_Digito_De_Hora_Accessors" />
    </UnitTest>
    <UnitTest name="Soma_Horas_Formato_Invalido" storage="d:\projetos\lab\tdd.encontro2\tdd.encontro2.test\bin\debug\tdd.encontro2.test.dll" id="7e20360e-9201-8939-e474-d22316638795">
      <Css projectStructure="" iteration="" />
      <Owners>
        <Owner name="" />
      </Owners>
      <Execution id="4e5189f8-b289-4f61-b5c7-9c249bea1805" />
      <TestMethod codeBase="D:\Projetos\Lab\Tdd.Encontro2\Tdd.Encontro2.Test\bin\Debug\Tdd.Encontro2.Test.dll" adapterTypeName="Microsoft.VisualStudio.TestTools.TestTypes.Unit.UnitTestAdapter, Microsoft.VisualStudio.QualityTools.Tips.UnitTest.Adapter, Version=9.0.0.0, Culture=neutral, PublicKeyToken=b03f5f7f11d50a3a" className="Tdd.Encontro2.Test.HoraTest, Tdd.Encontro2.Test" name="Soma_Horas_Formato_Invalido" />
    </UnitTest>
    <UnitTest name="Soma_Horas_Com_Minutos" storage="d:\projetos\lab\tdd.encontro2\tdd.encontro2.test\bin\debug\tdd.encontro2.test.dll" id="182f76e0-c9fd-770c-3077-437237507f22">
      <Css projectStructure="" iteration="" />
      <Owners>
        <Owner name="" />
      </Owners>
      <Execution id="abe26e85-d935-4332-a1e1-bad7ffd9ae93" />
      <TestMethod codeBase="D:\Projetos\Lab\Tdd.Encontro2\Tdd.Encontro2.Test\bin\Debug\Tdd.Encontro2.Test.dll" adapterTypeName="Microsoft.VisualStudio.TestTools.TestTypes.Unit.UnitTestAdapter, Microsoft.VisualStudio.QualityTools.Tips.UnitTest.Adapter, Version=9.0.0.0, Culture=neutral, PublicKeyToken=b03f5f7f11d50a3a" className="Tdd.Encontro2.Test.HoraTest, Tdd.Encontro2.Test" name="Soma_Horas_Com_Minutos" />
    </UnitTest>
  </TestDefinitions>
  <TestLists>
    <TestList name="All Loaded Results" id="19431567-8539-422a-85d7-44ee4e166bda" />
    <TestList name="Lists of Results" id="8c43106b-9dc1-4907-a29f-aa66a61bf5b6" />
    <TestList name="Hora" id="15840062-34b0-4acd-bd91-deb70e9d47b0" parentListId="8c43106b-9dc1-4907-a29f-aa66a61bf5b6">
      <TestLinks>
        <TestLink id="ff226b66-6b25-b1d8-c073-9db9e29a7aad" name="Criacao_Hora_Com_Um_Digito" storage="d:\projetos\lab\tdd.encontro2\tdd.encontro2.test\bin\debug\tdd.encontro2.test.dll" type="Microsoft.VisualStudio.TestTools.TestTypes.Unit.UnitTestElement, Microsoft.VisualStudio.QualityTools.Tips.UnitTest.ObjectModel,   PublicKeyToken=b03f5f7f11d50a3a" />
        <TestLink id="12de2bcf-b47b-6b6d-fdd8-caf3c9e12274" name="Criacao_Hora_Formato_Invalido_Excecao_Esperada" storage="d:\projetos\lab\tdd.encontro2\tdd.encontro2.test\bin\debug\tdd.encontro2.test.dll" type="Microsoft.VisualStudio.TestTools.TestTypes.Unit.UnitTestElement, Microsoft.VisualStudio.QualityTools.Tips.UnitTest.ObjectModel,   PublicKeyToken=b03f5f7f11d50a3a" />
        <TestLink id="bd4f39b4-ea7f-7aa9-697c-91efd4a47f9f" name="Soma_Horas_Com_Um_Digito" storage="d:\projetos\lab\tdd.encontro2\tdd.encontro2.test\bin\debug\tdd.encontro2.test.dll" type="Microsoft.VisualStudio.TestTools.TestTypes.Unit.UnitTestElement, Microsoft.VisualStudio.QualityTools.Tips.UnitTest.ObjectModel,   PublicKeyToken=b03f5f7f11d50a3a" />
        <TestLink id="c260142c-a0de-e0dc-5854-cfb9bd0c3188" name="Validar_Hora_Accessor_Com_Minutos_Invalidos" storage="d:\projetos\lab\tdd.encontro2\tdd.encontro2.test\bin\debug\tdd.encontro2.test.dll" type="Microsoft.VisualStudio.TestTools.TestTypes.Unit.UnitTestElement, Microsoft.VisualStudio.QualityTools.Tips.UnitTest.ObjectModel,   PublicKeyToken=b03f5f7f11d50a3a" />
        <TestLink id="9396bbbe-284c-4b64-5dea-4e7ac9a8e11b" name="Validar_Hora_Accessor_Com_Mais_De_Dois_Digitos" storage="d:\projetos\lab\tdd.encontro2\tdd.encontro2.test\bin\debug\tdd.encontro2.test.dll" type="Microsoft.VisualStudio.TestTools.TestTypes.Unit.UnitTestElement, Microsoft.VisualStudio.QualityTools.Tips.UnitTest.ObjectModel,   PublicKeyToken=b03f5f7f11d50a3a" />
        <TestLink id="7e20360e-9201-8939-e474-d22316638795" name="Soma_Horas_Formato_Invalido" storage="d:\projetos\lab\tdd.encontro2\tdd.encontro2.test\bin\debug\tdd.encontro2.test.dll" type="Microsoft.VisualStudio.TestTools.TestTypes.Unit.UnitTestElement, Microsoft.VisualStudio.QualityTools.Tips.UnitTest.ObjectModel,   PublicKeyToken=b03f5f7f11d50a3a" />
        <TestLink id="27aa5d33-fb3f-6650-e7d7-cf288bec1dcd" name="Criacao_Hora_Negativa" storage="d:\projetos\lab\tdd.encontro2\tdd.encontro2.test\bin\debug\tdd.encontro2.test.dll" type="Microsoft.VisualStudio.TestTools.TestTypes.Unit.UnitTestElement, Microsoft.VisualStudio.QualityTools.Tips.UnitTest.ObjectModel,   PublicKeyToken=b03f5f7f11d50a3a" />
        <TestLink id="838b3837-8233-5914-e910-5c34a7784584" name="Validar_Hora_Accessor_Com_Um_Digito" storage="d:\projetos\lab\tdd.encontro2\tdd.encontro2.test\bin\debug\tdd.encontro2.test.dll" type="Microsoft.VisualStudio.TestTools.TestTypes.Unit.UnitTestElement, Microsoft.VisualStudio.QualityTools.Tips.UnitTest.ObjectModel,   PublicKeyToken=b03f5f7f11d50a3a" />
        <TestLink id="29953b7e-4500-8369-72e9-7e1ea948d426" name="Validar_Hora_Accessor_Sem_Digito_De_Hora_Accessors" storage="d:\projetos\lab\tdd.encontro2\tdd.encontro2.test\bin\debug\tdd.encontro2.test.dll" type="Microsoft.VisualStudio.TestTools.TestTypes.Unit.UnitTestElement, Microsoft.VisualStudio.QualityTools.Tips.UnitTest.ObjectModel,   PublicKeyToken=b03f5f7f11d50a3a" />
        <TestLink id="182f76e0-c9fd-770c-3077-437237507f22" name="Soma_Horas_Com_Minutos" storage="d:\projetos\lab\tdd.encontro2\tdd.encontro2.test\bin\debug\tdd.encontro2.test.dll" type="Microsoft.VisualStudio.TestTools.TestTypes.Unit.UnitTestElement, Microsoft.VisualStudio.QualityTools.Tips.UnitTest.ObjectModel,   PublicKeyToken=b03f5f7f11d50a3a" />
        <TestLink id="30570865-d9ac-d3ef-c31c-49fbdb9a0b40" name="Criacao_Hora_Nao_Informando_Hora_E_Minuto" storage="d:\projetos\lab\tdd.encontro2\tdd.encontro2.test\bin\debug\tdd.encontro2.test.dll" type="Microsoft.VisualStudio.TestTools.TestTypes.Unit.UnitTestElement, Microsoft.VisualStudio.QualityTools.Tips.UnitTest.ObjectModel,   PublicKeyToken=b03f5f7f11d50a3a" />
        <TestLink id="fda06644-92e0-e3aa-75e1-24a912586eab" name="Soma_Horas_Com_Mais_De_Um_Digito" storage="d:\projetos\lab\tdd.encontro2\tdd.encontro2.test\bin\debug\tdd.encontro2.test.dll" type="Microsoft.VisualStudio.TestTools.TestTypes.Unit.UnitTestElement, Microsoft.VisualStudio.QualityTools.Tips.UnitTest.ObjectModel,   PublicKeyToken=b03f5f7f11d50a3a" />
        <TestLink id="db03e5e4-a59c-6ace-488b-3623e4810e11" name="Validar_Hora_Accessor_Negativa" storage="d:\projetos\lab\tdd.encontro2\tdd.encontro2.test\bin\debug\tdd.encontro2.test.dll" type="Microsoft.VisualStudio.TestTools.TestTypes.Unit.UnitTestElement, Microsoft.VisualStudio.QualityTools.Tips.UnitTest.ObjectModel,   PublicKeyToken=b03f5f7f11d50a3a" />
        <TestLink id="87c0138e-ebd4-b448-5196-062a03183403" name="Validar_Hora_Informando_Hora_E_Minuto" storage="d:\projetos\lab\tdd.encontro2\tdd.encontro2.test\bin\debug\tdd.encontro2.test.dll" type="Microsoft.VisualStudio.TestTools.TestTypes.Unit.UnitTestElement, Microsoft.VisualStudio.QualityTools.Tips.UnitTest.ObjectModel,   PublicKeyToken=b03f5f7f11d50a3a" />
        <TestLink id="f871ce0e-b3a2-d9c0-06d8-ef4f9a8effe6" name="Criacao_Hora_Informando_Hora_E_Minuto" storage="d:\projetos\lab\tdd.encontro2\tdd.encontro2.test\bin\debug\tdd.encontro2.test.dll" type="Microsoft.VisualStudio.TestTools.TestTypes.Unit.UnitTestElement, Microsoft.VisualStudio.QualityTools.Tips.UnitTest.ObjectModel,   PublicKeyToken=b03f5f7f11d50a3a" />
        <TestLink id="17b69b6e-5323-c278-64a5-e4f671fdcdd0" name="Soma_Horas_Com_Valor_Negativo" storage="d:\projetos\lab\tdd.encontro2\tdd.encontro2.test\bin\debug\tdd.encontro2.test.dll" type="Microsoft.VisualStudio.TestTools.TestTypes.Unit.UnitTestElement, Microsoft.VisualStudio.QualityTools.Tips.UnitTest.ObjectModel,   PublicKeyToken=b03f5f7f11d50a3a" />
        <TestLink id="db8384d3-e4cd-4dfd-44bc-0ea4243bf001" name="Criacao_Hora_Formato_Invalido" storage="d:\projetos\lab\tdd.encontro2\tdd.encontro2.test\bin\debug\tdd.encontro2.test.dll" type="Microsoft.VisualStudio.TestTools.TestTypes.Unit.UnitTestElement, Microsoft.VisualStudio.QualityTools.Tips.UnitTest.ObjectModel,   PublicKeyToken=b03f5f7f11d50a3a" />
        <TestLink id="0a591512-9faf-3076-fdd8-955ee8ae9da1" name="Soma_Horas_Com_Minutos_Acima_De_59_Minutos" storage="d:\projetos\lab\tdd.encontro2\tdd.encontro2.test\bin\debug\tdd.encontro2.test.dll" type="Microsoft.VisualStudio.TestTools.TestTypes.Unit.UnitTestElement, Microsoft.VisualStudio.QualityTools.Tips.UnitTest.ObjectModel,   PublicKeyToken=b03f5f7f11d50a3a" />
        <TestLink id="1d59d709-b619-1f7e-ec50-a5b4600a3218" name="Criacao_Hora_Com_Minutos_Invalidos" storage="d:\projetos\lab\tdd.encontro2\tdd.encontro2.test\bin\debug\tdd.encontro2.test.dll" type="Microsoft.VisualStudio.TestTools.TestTypes.Unit.UnitTestElement, Microsoft.VisualStudio.QualityTools.Tips.UnitTest.ObjectModel,   PublicKeyToken=b03f5f7f11d50a3a" />
        <TestLink id="966015ea-9492-ce91-5e00-6d0130c7c4c2" name="Validar_Hora_Accessor_Formato_Invalido" storage="d:\projetos\lab\tdd.encontro2\tdd.encontro2.test\bin\debug\tdd.encontro2.test.dll" type="Microsoft.VisualStudio.TestTools.TestTypes.Unit.UnitTestElement, Microsoft.VisualStudio.QualityTools.Tips.UnitTest.ObjectModel,   PublicKeyToken=b03f5f7f11d50a3a" />
        <TestLink id="69e0a0f7-dc17-ae9e-dbd0-5d769f1efdd1" name="Criacao_Hora_Sem_Digito_De_Horas" storage="d:\projetos\lab\tdd.encontro2\tdd.encontro2.test\bin\debug\tdd.encontro2.test.dll" type="Microsoft.VisualStudio.TestTools.TestTypes.Unit.UnitTestElement, Microsoft.VisualStudio.QualityTools.Tips.UnitTest.ObjectModel,   PublicKeyToken=b03f5f7f11d50a3a" />
        <TestLink id="2c96285b-997b-6029-1f3d-8ac944f7a963" name="Criacao_Hora_Com_Mais_De_Dois_Digitos" storage="d:\projetos\lab\tdd.encontro2\tdd.encontro2.test\bin\debug\tdd.encontro2.test.dll" type="Microsoft.VisualStudio.TestTools.TestTypes.Unit.UnitTestElement, Microsoft.VisualStudio.QualityTools.Tips.UnitTest.ObjectModel,   PublicKeyToken=b03f5f7f11d50a3a" />
      </TestLinks>
    </TestList>
  </TestLists>
  <TestEntries>
    <TestEntry testId="87c0138e-ebd4-b448-5196-062a03183403" executionId="96624b62-a72e-433b-a36f-1b639519ec45" testListId="15840062-34b0-4acd-bd91-deb70e9d47b0" />
    <TestEntry testId="12de2bcf-b47b-6b6d-fdd8-caf3c9e12274" executionId="8d4b1cbb-912b-43ed-87d5-481a5e0abd0c" testListId="15840062-34b0-4acd-bd91-deb70e9d47b0" />
    <TestEntry testId="ff226b66-6b25-b1d8-c073-9db9e29a7aad" executionId="1027dc23-3db2-40bb-9d82-d7c5e1e34c14" testListId="15840062-34b0-4acd-bd91-deb70e9d47b0" />
    <TestEntry testId="1d59d709-b619-1f7e-ec50-a5b4600a3218" executionId="68d223ab-fc83-482e-ad9d-b5f227b4344a" testListId="15840062-34b0-4acd-bd91-deb70e9d47b0" />
    <TestEntry testId="2c96285b-997b-6029-1f3d-8ac944f7a963" executionId="a030a4e5-1de9-4156-bb76-d714b2bb1ff3" testListId="15840062-34b0-4acd-bd91-deb70e9d47b0" />
    <TestEntry testId="db8384d3-e4cd-4dfd-44bc-0ea4243bf001" executionId="c263ca87-c07b-4038-a8bd-6a0b8d7189c1" testListId="15840062-34b0-4acd-bd91-deb70e9d47b0" />
    <TestEntry testId="27aa5d33-fb3f-6650-e7d7-cf288bec1dcd" executionId="33414ce2-a12b-45ca-b849-cd00775efa61" testListId="15840062-34b0-4acd-bd91-deb70e9d47b0" />
    <TestEntry testId="30570865-d9ac-d3ef-c31c-49fbdb9a0b40" executionId="2bf04157-96cf-4c94-a5fe-9d67f365792e" testListId="15840062-34b0-4acd-bd91-deb70e9d47b0" />
    <TestEntry testId="fda06644-92e0-e3aa-75e1-24a912586eab" executionId="cd866cb6-b9d8-42c2-9c90-9b353ef93145" testListId="15840062-34b0-4acd-bd91-deb70e9d47b0" />
    <TestEntry testId="9396bbbe-284c-4b64-5dea-4e7ac9a8e11b" executionId="02b69c6d-60a4-4190-b706-a46da34c6683" testListId="15840062-34b0-4acd-bd91-deb70e9d47b0" />
    <TestEntry testId="f871ce0e-b3a2-d9c0-06d8-ef4f9a8effe6" executionId="68e35f34-8c16-44dc-81eb-402107d830ce" testListId="15840062-34b0-4acd-bd91-deb70e9d47b0" />
    <TestEntry testId="69e0a0f7-dc17-ae9e-dbd0-5d769f1efdd1" executionId="d119efb0-0069-4e68-95db-bb5292aeab09" testListId="15840062-34b0-4acd-bd91-deb70e9d47b0" />
    <TestEntry testId="17b69b6e-5323-c278-64a5-e4f671fdcdd0" executionId="70ee8498-baa4-40f8-97c4-c46bcba6f78f" testListId="15840062-34b0-4acd-bd91-deb70e9d47b0" />
    <TestEntry testId="838b3837-8233-5914-e910-5c34a7784584" executionId="33ceab65-c2ef-4b1c-b138-425b66e973be" testListId="15840062-34b0-4acd-bd91-deb70e9d47b0" />
    <TestEntry testId="7e20360e-9201-8939-e474-d22316638795" executionId="4e5189f8-b289-4f61-b5c7-9c249bea1805" testListId="15840062-34b0-4acd-bd91-deb70e9d47b0" />
    <TestEntry testId="c260142c-a0de-e0dc-5854-cfb9bd0c3188" executionId="0a74e1f3-0a97-43c8-90c7-ad52dcde8604" testListId="15840062-34b0-4acd-bd91-deb70e9d47b0" />
    <TestEntry testId="966015ea-9492-ce91-5e00-6d0130c7c4c2" executionId="199f7550-8ace-4519-a8c9-ebbf072d8a77" testListId="15840062-34b0-4acd-bd91-deb70e9d47b0" />
    <TestEntry testId="db03e5e4-a59c-6ace-488b-3623e4810e11" executionId="8321eede-3eee-4bc7-b19c-5d4cc1d373e0" testListId="15840062-34b0-4acd-bd91-deb70e9d47b0" />
    <TestEntry testId="29953b7e-4500-8369-72e9-7e1ea948d426" executionId="d57c4fc3-2085-4c10-bdb4-e4199d411d1e" testListId="15840062-34b0-4acd-bd91-deb70e9d47b0" />
    <TestEntry testId="bd4f39b4-ea7f-7aa9-697c-91efd4a47f9f" executionId="14686dc7-42cd-411e-9d23-6fc024b83ad1" testListId="15840062-34b0-4acd-bd91-deb70e9d47b0" />
    <TestEntry testId="182f76e0-c9fd-770c-3077-437237507f22" executionId="abe26e85-d935-4332-a1e1-bad7ffd9ae93" testListId="15840062-34b0-4acd-bd91-deb70e9d47b0" />
  </TestEntries>
  <Results>
    <UnitTestResult executionId="96624b62-a72e-433b-a36f-1b639519ec45" testId="87c0138e-ebd4-b448-5196-062a03183403" testName="Validar_Hora_Informando_Hora_E_Minuto" computerName="MATRIX" duration="00:00:00.0700178" startTime="2009-01-08T22:11:44.9062500-02:00" endTime="2009-01-08T22:11:45.1562500-02:00" testType="13cdc9d9-ddb5-4fa4-a97d-d965ccfc6d4b" outcome="Passed" testListId="15840062-34b0-4acd-bd91-deb70e9d47b0">
      <Output>
      </Output>
    </UnitTestResult>
    <UnitTestResult executionId="8d4b1cbb-912b-43ed-87d5-481a5e0abd0c" testId="12de2bcf-b47b-6b6d-fdd8-caf3c9e12274" testName="Criacao_Hora_Formato_Invalido_Excecao_Esperada" computerName="MATRIX" duration="00:00:00.0392452" startTime="2009-01-08T22:11:45.1562500-02:00" endTime="2009-01-08T22:11:45.2031250-02:00" testType="13cdc9d9-ddb5-4fa4-a97d-d965ccfc6d4b" outcome="Passed" testListId="15840062-34b0-4acd-bd91-deb70e9d47b0">
      <Output>
      </Output>
    </UnitTestResult>
    <UnitTestResult executionId="1027dc23-3db2-40bb-9d82-d7c5e1e34c14" testId="ff226b66-6b25-b1d8-c073-9db9e29a7aad" testName="Criacao_Hora_Com_Um_Digito" computerName="MATRIX" duration="00:00:00.0030774" startTime="2009-01-08T22:11:45.2031250-02:00" endTime="2009-01-08T22:11:45.2031250-02:00" testType="13cdc9d9-ddb5-4fa4-a97d-d965ccfc6d4b" outcome="Passed" testListId="15840062-34b0-4acd-bd91-deb70e9d47b0">
      <Output>
      </Output>
    </UnitTestResult>
    <UnitTestResult executionId="68d223ab-fc83-482e-ad9d-b5f227b4344a" testId="1d59d709-b619-1f7e-ec50-a5b4600a3218" testName="Criacao_Hora_Com_Minutos_Invalidos" computerName="MATRIX" duration="00:00:00.0007833" startTime="2009-01-08T22:11:45.2031250-02:00" endTime="2009-01-08T22:11:45.2187500-02:00" testType="13cdc9d9-ddb5-4fa4-a97d-d965ccfc6d4b" outcome="Passed" testListId="15840062-34b0-4acd-bd91-deb70e9d47b0">
      <Output>
      </Output>
    </UnitTestResult>
    <UnitTestResult executionId="a030a4e5-1de9-4156-bb76-d714b2bb1ff3" testId="2c96285b-997b-6029-1f3d-8ac944f7a963" testName="Criacao_Hora_Com_Mais_De_Dois_Digitos" computerName="MATRIX" duration="00:00:00.0002799" startTime="2009-01-08T22:11:45.2187500-02:00" endTime="2009-01-08T22:11:45.2187500-02:00" testType="13cdc9d9-ddb5-4fa4-a97d-d965ccfc6d4b" outcome="Passed" testListId="15840062-34b0-4acd-bd91-deb70e9d47b0">
      <Output>
      </Output>
    </UnitTestResult>
    <UnitTestResult executionId="c263ca87-c07b-4038-a8bd-6a0b8d7189c1" testId="db8384d3-e4cd-4dfd-44bc-0ea4243bf001" testName="Criacao_Hora_Formato_Invalido" computerName="MATRIX" duration="00:00:00.0004821" startTime="2009-01-08T22:11:45.2187500-02:00" endTime="2009-01-08T22:11:45.2187500-02:00" testType="13cdc9d9-ddb5-4fa4-a97d-d965ccfc6d4b" outcome="Passed" testListId="15840062-34b0-4acd-bd91-deb70e9d47b0">
      <Output>
      </Output>
    </UnitTestResult>
    <UnitTestResult executionId="33414ce2-a12b-45ca-b849-cd00775efa61" testId="27aa5d33-fb3f-6650-e7d7-cf288bec1dcd" testName="Criacao_Hora_Negativa" computerName="MATRIX" duration="00:00:00.0005648" startTime="2009-01-08T22:11:45.2187500-02:00" endTime="2009-01-08T22:11:45.2187500-02:00" testType="13cdc9d9-ddb5-4fa4-a97d-d965ccfc6d4b" outcome="Passed" testListId="15840062-34b0-4acd-bd91-deb70e9d47b0">
      <Output>
      </Output>
    </UnitTestResult>
    <UnitTestResult executionId="2bf04157-96cf-4c94-a5fe-9d67f365792e" testId="30570865-d9ac-d3ef-c31c-49fbdb9a0b40" testName="Criacao_Hora_Nao_Informando_Hora_E_Minuto" computerName="MATRIX" duration="00:00:00.0002704" startTime="2009-01-08T22:11:45.2187500-02:00" endTime="2009-01-08T22:11:45.2187500-02:00" testType="13cdc9d9-ddb5-4fa4-a97d-d965ccfc6d4b" outcome="Passed" testListId="15840062-34b0-4acd-bd91-deb70e9d47b0">
      <Output>
      </Output>
    </UnitTestResult>
    <UnitTestResult executionId="cd866cb6-b9d8-42c2-9c90-9b353ef93145" testId="fda06644-92e0-e3aa-75e1-24a912586eab" testName="Soma_Horas_Com_Mais_De_Um_Digito" computerName="MATRIX" duration="00:00:00.0011576" startTime="2009-01-08T22:11:45.2187500-02:00" endTime="2009-01-08T22:11:45.2343750-02:00" testType="13cdc9d9-ddb5-4fa4-a97d-d965ccfc6d4b" outcome="Passed" testListId="15840062-34b0-4acd-bd91-deb70e9d47b0">
      <Output>
      </Output>
    </UnitTestResult>
    <UnitTestResult executionId="02b69c6d-60a4-4190-b706-a46da34c6683" testId="9396bbbe-284c-4b64-5dea-4e7ac9a8e11b" testName="Validar_Hora_Accessor_Com_Mais_De_Dois_Digitos" computerName="MATRIX" duration="00:00:00.0003050" startTime="2009-01-08T22:11:45.2343750-02:00" endTime="2009-01-08T22:11:45.2343750-02:00" testType="13cdc9d9-ddb5-4fa4-a97d-d965ccfc6d4b" outcome="Passed" testListId="15840062-34b0-4acd-bd91-deb70e9d47b0">
      <Output>
      </Output>
    </UnitTestResult>
    <UnitTestResult executionId="68e35f34-8c16-44dc-81eb-402107d830ce" testId="f871ce0e-b3a2-d9c0-06d8-ef4f9a8effe6" testName="Criacao_Hora_Informando_Hora_E_Minuto" computerName="MATRIX" duration="00:00:00.0002927" startTime="2009-01-08T22:11:45.2343750-02:00" endTime="2009-01-08T22:11:45.2343750-02:00" testType="13cdc9d9-ddb5-4fa4-a97d-d965ccfc6d4b" outcome="Passed" testListId="15840062-34b0-4acd-bd91-deb70e9d47b0">
      <Output>
      </Output>
    </UnitTestResult>
    <UnitTestResult executionId="d119efb0-0069-4e68-95db-bb5292aeab09" testId="69e0a0f7-dc17-ae9e-dbd0-5d769f1efdd1" testName="Criacao_Hora_Sem_Digito_De_Horas" computerName="MATRIX" duration="00:00:00.0003774" startTime="2009-01-08T22:11:45.2343750-02:00" endTime="2009-01-08T22:11:45.2343750-02:00" testType="13cdc9d9-ddb5-4fa4-a97d-d965ccfc6d4b" outcome="Passed" testListId="15840062-34b0-4acd-bd91-deb70e9d47b0">
      <Output>
      </Output>
    </UnitTestResult>
    <UnitTestResult executionId="70ee8498-baa4-40f8-97c4-c46bcba6f78f" testId="17b69b6e-5323-c278-64a5-e4f671fdcdd0" testName="Soma_Horas_Com_Valor_Negativo" computerName="MATRIX" duration="00:00:00.0002933" startTime="2009-01-08T22:11:45.2343750-02:00" endTime="2009-01-08T22:11:45.2343750-02:00" testType="13cdc9d9-ddb5-4fa4-a97d-d965ccfc6d4b" outcome="Passed" testListId="15840062-34b0-4acd-bd91-deb70e9d47b0">
      <Output>
      </Output>
    </UnitTestResult>
    <UnitTestResult executionId="33ceab65-c2ef-4b1c-b138-425b66e973be" testId="838b3837-8233-5914-e910-5c34a7784584" testName="Validar_Hora_Accessor_Com_Um_Digito" computerName="MATRIX" duration="00:00:00.0002994" startTime="2009-01-08T22:11:45.2343750-02:00" endTime="2009-01-08T22:11:45.2500000-02:00" testType="13cdc9d9-ddb5-4fa4-a97d-d965ccfc6d4b" outcome="Passed" testListId="15840062-34b0-4acd-bd91-deb70e9d47b0">
      <Output>
      </Output>
    </UnitTestResult>
    <UnitTestResult executionId="4e5189f8-b289-4f61-b5c7-9c249bea1805" testId="7e20360e-9201-8939-e474-d22316638795" testName="Soma_Horas_Formato_Invalido" computerName="MATRIX" duration="00:00:00.0003897" startTime="2009-01-08T22:11:45.2500000-02:00" endTime="2009-01-08T22:11:45.2500000-02:00" testType="13cdc9d9-ddb5-4fa4-a97d-d965ccfc6d4b" outcome="Passed" testListId="15840062-34b0-4acd-bd91-deb70e9d47b0">
      <Output>
      </Output>
    </UnitTestResult>
    <UnitTestResult executionId="0a74e1f3-0a97-43c8-90c7-ad52dcde8604" testId="c260142c-a0de-e0dc-5854-cfb9bd0c3188" testName="Validar_Hora_Accessor_Com_Minutos_Invalidos" computerName="MATRIX" duration="00:00:00.0203799" startTime="2009-01-08T22:11:45.2500000-02:00" endTime="2009-01-08T22:11:45.2656250-02:00" testType="13cdc9d9-ddb5-4fa4-a97d-d965ccfc6d4b" outcome="Passed" testListId="15840062-34b0-4acd-bd91-deb70e9d47b0">
      <Output>
      </Output>
    </UnitTestResult>
    <UnitTestResult executionId="199f7550-8ace-4519-a8c9-ebbf072d8a77" testId="966015ea-9492-ce91-5e00-6d0130c7c4c2" testName="Validar_Hora_Accessor_Formato_Invalido" computerName="MATRIX" duration="00:00:00.0009903" startTime="2009-01-08T22:11:45.2656250-02:00" endTime="2009-01-08T22:11:45.2812500-02:00" testType="13cdc9d9-ddb5-4fa4-a97d-d965ccfc6d4b" outcome="Passed" testListId="15840062-34b0-4acd-bd91-deb70e9d47b0">
      <Output>
      </Output>
    </UnitTestResult>
    <UnitTestResult executionId="8321eede-3eee-4bc7-b19c-5d4cc1d373e0" testId="db03e5e4-a59c-6ace-488b-3623e4810e11" testName="Validar_Hora_Accessor_Negativa" computerName="MATRIX" duration="00:00:00.0002966" startTime="2009-01-08T22:11:45.2812500-02:00" endTime="2009-01-08T22:11:45.2812500-02:00" testType="13cdc9d9-ddb5-4fa4-a97d-d965ccfc6d4b" outcome="Passed" testListId="15840062-34b0-4acd-bd91-deb70e9d47b0">
      <Output>
      </Output>
    </UnitTestResult>
    <UnitTestResult executionId="d57c4fc3-2085-4c10-bdb4-e4199d411d1e" testId="29953b7e-4500-8369-72e9-7e1ea948d426" testName="Validar_Hora_Accessor_Sem_Digito_De_Hora_Accessors" computerName="MATRIX" duration="00:00:00.0012660" startTime="2009-01-08T22:11:45.2812500-02:00" endTime="2009-01-08T22:11:45.2968750-02:00" testType="13cdc9d9-ddb5-4fa4-a97d-d965ccfc6d4b" outcome="Passed" testListId="15840062-34b0-4acd-bd91-deb70e9d47b0">
      <Output>
      </Output>
    </UnitTestResult>
    <UnitTestResult executionId="14686dc7-42cd-411e-9d23-6fc024b83ad1" testId="bd4f39b4-ea7f-7aa9-697c-91efd4a47f9f" testName="Soma_Horas_Com_Um_Digito" computerName="MATRIX" duration="00:00:00.0003000" startTime="2009-01-08T22:11:45.2968750-02:00" endTime="2009-01-08T22:11:45.2968750-02:00" testType="13cdc9d9-ddb5-4fa4-a97d-d965ccfc6d4b" outcome="Passed" testListId="15840062-34b0-4acd-bd91-deb70e9d47b0">
      <Output>
      </Output>
    </UnitTestResult>
    <UnitTestResult executionId="abe26e85-d935-4332-a1e1-bad7ffd9ae93" testId="182f76e0-c9fd-770c-3077-437237507f22" testName="Soma_Horas_Com_Minutos" computerName="MATRIX" duration="00:00:00.0002944" startTime="2009-01-08T22:11:45.2968750-02:00" endTime="2009-01-08T22:11:45.2968750-02:00" testType="13cdc9d9-ddb5-4fa4-a97d-d965ccfc6d4b" outcome="Passed" testListId="15840062-34b0-4acd-bd91-deb70e9d47b0">
      <Output>
      </Output>
    </UnitTestResult>
  </Results>
</TestRun>